Component: ARM Compiler 5.06 update 6 (build 750) Tool: armlink [4d35ed]

==============================================================================

Section Cross References

    main.o(i.LED_Config) refers to stm32f4xx_rcc.o(i.RCC_AHB1PeriphClockCmd) for RCC_AHB1PeriphClockCmd
    main.o(i.LED_Config) refers to stm32f4xx_gpio.o(i.GPIO_Init) for GPIO_Init
    main.o(i.convert) refers to atof.o(i.__hardfp_atof) for __hardfp_atof
    main.o(i.main) refers to main.o(i.LED_Config) for LED_Config
    main.o(i.main) refers to ugv_enc.o(i.ENC_Config) for ENC_Config
    main.o(i.main) refers to ugv_pwm.o(i.Motor_Config) for Motor_Config
    main.o(i.main) refers to ugv_timer.o(i.Timer_Motor) for Timer_Motor
    main.o(i.main) refers to ugv_timer.o(i.Timer_Control) for Timer_Control
    system_stm32f4xx.o(i.SystemCoreClockUpdate) refers to system_stm32f4xx.o(.data) for SystemCoreClock
    system_stm32f4xx.o(i.SystemInit) refers to system_stm32f4xx.o(i.SetSysClock) for SetSysClock
    utils.o(i.Double2Int) refers to dfix.o(x$fpl$dfix) for __aeabi_d2iz
    utils.o(i.Double2Str) refers to rt_memclr_w.o(.text) for __aeabi_memclr4
    utils.o(i.Double2Str) refers to dfix.o(x$fpl$dfix) for __aeabi_d2iz
    utils.o(i.Double2Str) refers to drleqf.o(x$fpl$drleqf) for __aeabi_cdrcmple
    utils.o(i.Double2Str) refers to dflt_clz.o(x$fpl$dflt) for __aeabi_i2d
    utils.o(i.Double2Str) refers to daddsub_clz.o(x$fpl$drsb) for __aeabi_drsub
    utils.o(i.Double2Str) refers to basic.o(x$fpl$basic) for __aeabi_dneg
    utils.o(i.Double2Str) refers to dleqf.o(x$fpl$dleqf) for __aeabi_cdcmple
    utils.o(i.Double2Str) refers to utils.o(i.Int2Str) for Int2Str
    utils.o(i.Double2Str) refers to dflt_clz.o(x$fpl$dfltu) for __aeabi_ui2d
    utils.o(i.Double2Str) refers to pow.o(i.__hardfp_pow) for __hardfp_pow
    utils.o(i.Double2Str) refers to dmul.o(x$fpl$dmul) for __aeabi_dmul
    utils.o(i.Double2Str) refers to dfixu.o(x$fpl$dfixu) for __aeabi_d2uiz
    utils.o(i.Str2Double) refers to atof.o(i.__hardfp_atof) for __hardfp_atof
    utils.o(i.Str2Double_Dev) refers to dflt_clz.o(x$fpl$dflt) for __aeabi_i2d
    utils.o(i.Str2Double_Dev) refers to pow.o(i.__hardfp_pow) for __hardfp_pow
    utils.o(i.Str2Double_Dev) refers to dmul.o(x$fpl$dmul) for __aeabi_dmul
    utils.o(i.Str2Double_Dev) refers to daddsub_clz.o(x$fpl$dadd) for __aeabi_dadd
    utils.o(i.Str2Double_Dev) refers to ddiv.o(x$fpl$ddiv) for __aeabi_ddiv
    utils.o(i.String_RemoveCRLF) refers to utils.o(i.String_Clear) for String_Clear
    utils.o(i.String_RemoveVT) refers to utils.o(i.String_Clear) for String_Clear
    startup_stm32f40_41xxx.o(STACK) refers (Special) to heapauxi.o(.text) for __use_two_region_memory
    startup_stm32f40_41xxx.o(HEAP) refers (Special) to heapauxi.o(.text) for __use_two_region_memory
    startup_stm32f40_41xxx.o(RESET) refers (Special) to heapauxi.o(.text) for __use_two_region_memory
    startup_stm32f40_41xxx.o(RESET) refers to startup_stm32f40_41xxx.o(STACK) for __initial_sp
    startup_stm32f40_41xxx.o(RESET) refers to startup_stm32f40_41xxx.o(.text) for Reset_Handler
    startup_stm32f40_41xxx.o(RESET) refers to stm32f4xx_it.o(i.NMI_Handler) for NMI_Handler
    startup_stm32f40_41xxx.o(RESET) refers to stm32f4xx_it.o(i.HardFault_Handler) for HardFault_Handler
    startup_stm32f40_41xxx.o(RESET) refers to stm32f4xx_it.o(i.MemManage_Handler) for MemManage_Handler
    startup_stm32f40_41xxx.o(RESET) refers to stm32f4xx_it.o(i.BusFault_Handler) for BusFault_Handler
    startup_stm32f40_41xxx.o(RESET) refers to stm32f4xx_it.o(i.UsageFault_Handler) for UsageFault_Handler
    startup_stm32f40_41xxx.o(RESET) refers to stm32f4xx_it.o(i.SVC_Handler) for SVC_Handler
    startup_stm32f40_41xxx.o(RESET) refers to stm32f4xx_it.o(i.DebugMon_Handler) for DebugMon_Handler
    startup_stm32f40_41xxx.o(RESET) refers to stm32f4xx_it.o(i.PendSV_Handler) for PendSV_Handler
    startup_stm32f40_41xxx.o(RESET) refers to stm32f4xx_it.o(i.SysTick_Handler) for SysTick_Handler
    startup_stm32f40_41xxx.o(RESET) refers to ugv_can.o(i.CAN1_RX0_IRQHandler) for CAN1_RX0_IRQHandler
    startup_stm32f40_41xxx.o(RESET) refers to ugv_timer.o(i.TIM5_IRQHandler) for TIM5_IRQHandler
    startup_stm32f40_41xxx.o(RESET) refers to ugv_timer.o(i.TIM7_IRQHandler) for TIM7_IRQHandler
    startup_stm32f40_41xxx.o(.text) refers (Special) to heapauxi.o(.text) for __use_two_region_memory
    startup_stm32f40_41xxx.o(.text) refers to system_stm32f4xx.o(i.SystemInit) for SystemInit
    startup_stm32f40_41xxx.o(.text) refers to __main.o(!!!main) for __main
    startup_stm32f40_41xxx.o(.text) refers to startup_stm32f40_41xxx.o(HEAP) for Heap_Mem
    startup_stm32f40_41xxx.o(.text) refers to startup_stm32f40_41xxx.o(STACK) for Stack_Mem
    stm32f4xx_can.o(i.CAN_DeInit) refers to stm32f4xx_rcc.o(i.RCC_APB1PeriphResetCmd) for RCC_APB1PeriphResetCmd
    stm32f4xx_can.o(i.CAN_GetITStatus) refers to stm32f4xx_can.o(i.CheckITStatus) for CheckITStatus
[...]
    ../mathlib/atof.c                        0x00000000   Number         0  atof.o ABSOLUTE
    ../mathlib/dunder.c                      0x00000000   Number         0  dunder.o ABSOLUTE
    ../mathlib/fabs.c                        0x00000000   Number         0  fabs.o ABSOLUTE
    ../mathlib/fpclassify.c                  0x00000000   Number         0  fpclassify.o ABSOLUTE
    ../mathlib/frexp.c                       0x00000000   Number         0  frexp.o ABSOLUTE
    ../mathlib/ldexp.c                       0x00000000   Number         0  ldexp_x.o ABSOLUTE
    ../mathlib/ldexp.c                       0x00000000   Number         0  ldexp.o ABSOLUTE
    ../mathlib/narrow.c                      0x00000000   Number         0  narrow.o ABSOLUTE
    ../mathlib/poly.c                        0x00000000   Number         0  poly.o ABSOLUTE
    ../mathlib/pow.c                         0x00000000   Number         0  pow.o ABSOLUTE
    ../mathlib/pow.c                         0x00000000   Number         0  pow_x.o ABSOLUTE
    ../mathlib/qnan.c                        0x00000000   Number         0  qnan.o ABSOLUTE
    ../mathlib/sqrt.c                        0x00000000   Number         0  sqrt_x.o ABSOLUTE
    ../mathlib/sqrt.c                        0x00000000   Number         0  sqrt.o ABSOLUTE
    CAN\UGV_CAN.c                            0x00000000   Number         0  ugv_can.o ABSOLUTE
    CAN\\UGV_CAN.c                           0x00000000   Number         0  ugv_can.o ABSOLUTE
    ENC\UGV_ENC.c                            0x00000000   Number         0  ugv_enc.o ABSOLUTE
    ENC\\UGV_ENC.c                           0x00000000   Number         0  ugv_enc.o ABSOLUTE
    Libraries\CMSIS\Device\ST\STM32F4xx\Source\Templates\arm\startup_stm32f40_41xxx.s 0x00000000   Number         0  startup_stm32f40_41xxx.o ABSOLUTE
    Libraries\STM32F4xx_StdPeriph_Driver\src\misc.c 0x00000000   Number         0  misc.o ABSOLUTE
    Libraries\STM32F4xx_StdPeriph_Driver\src\stm32f4xx_can.c 0x00000000   Number         0  stm32f4xx_can.o ABSOLUTE
    Libraries\STM32F4xx_StdPeriph_Driver\src\stm32f4xx_dma.c 0x00000000   Number         0  stm32f4xx_dma.o ABSOLUTE
    Libraries\STM32F4xx_StdPeriph_Driver\src\stm32f4xx_gpio.c 0x00000000   Number         0  stm32f4xx_gpio.o ABSOLUTE
    Libraries\STM32F4xx_StdPeriph_Driver\src\stm32f4xx_rcc.c 0x00000000   Number         0  stm32f4xx_rcc.o ABSOLUTE
    Libraries\STM32F4xx_StdPeriph_Driver\src\stm32f4xx_tim.c 0x00000000   Number         0  stm32f4xx_tim.o ABSOLUTE
    Libraries\STM32F4xx_StdPeriph_Driver\src\stm32f4xx_usart.c 0x00000000   Number         0  stm32f4xx_usart.o ABSOLUTE
    Libraries\\STM32F4xx_StdPeriph_Driver\\src\\misc.c 0x00000000   Number         0  misc.o ABSOLUTE
    Libraries\\STM32F4xx_StdPeriph_Driver\\src\\stm32f4xx_can.c 0x00000000   Number         0  stm32f4xx_can.o ABSOLUTE
    Libraries\\STM32F4xx_StdPeriph_Driver\\src\\stm32f4xx_dma.c 0x00000000   Number         0  stm32f4xx_dma.o ABSOLUTE
    Libraries\\STM32F4xx_StdPeriph_Driver\\src\\stm32f4xx_gpio.c 0x00000000   Number         0  stm32f4xx_gpio.o ABSOLUTE
    Libraries\\STM32F4xx_StdPeriph_Driver\\src\\stm32f4xx_rcc.c 0x00000000   Number         0  stm32f4xx_rcc.o ABSOLUTE
    Libraries\\STM32F4xx_StdPeriph_Driver\\src\\stm32f4xx_tim.c 0x00000000   Number         0  stm32f4xx_tim.o ABSOLUTE
    Libraries\\STM32F4xx_StdPeriph_Driver\\src\\stm32f4xx_usart.c 0x00000000   Number         0  stm32f4xx_usart.o ABSOLUTE
    PWM\UGV_PWM.c                            0x00000000   Number         0  ugv_pwm.o ABSOLUTE
    PWM\\UGV_PWM.c                           0x00000000   Number         0  ugv_pwm.o ABSOLUTE
    SBUS\UGV_SBUS.c                          0x00000000   Number         0  ugv_sbus.o ABSOLUTE
    SBUS\\UGV_SBUS.c                         0x00000000   Number         0  ugv_sbus.o ABSOLUTE
    Timer\UGV_Timer.c                        0x00000000   Number         0  ugv_timer.o ABSOLUTE
    Timer\\UGV_Timer.c                       0x00000000   Number         0  ugv_timer.o ABSOLUTE
    UART\UGV_UART_JOYSTICK.c                 0x00000000   Number         0  ugv_uart_joystick.o ABSOLUTE
    UART\\UGV_UART_JOYSTICK.c                0x00000000   Number         0  ugv_uart_joystick.o ABSOLUTE
    UART_SONAR\UGV_UART_SONAR.c              0x00000000   Number         0  ugv_uart_sonar.o ABSOLUTE
    UART_SONAR\\UGV_UART_SONAR.c             0x00000000   Number         0  ugv_uart_sonar.o ABSOLUTE
    dc.s                                     0x00000000   Number         0  dc.o ABSOLUTE
    main.c                                   0x00000000   Number         0  main.o ABSOLUTE
    main.c                                   0x00000000   Number         0  main.o ABSOLUTE
    stm32f4xx_it.c                           0x00000000   Number         0  stm32f4xx_it.o ABSOLUTE
    stm32f4xx_it.c                           0x00000000   Number         0  stm32f4xx_it.o ABSOLUTE
    system_stm32f4xx.c                       0x00000000   Number         0  system_stm32f4xx.o ABSOLUTE
    system_stm32f4xx.c                       0x00000000   Number         0  system_stm32f4xx.o ABSOLUTE
    utils.c                                  0x00000000   Number         0  utils.o ABSOLUTE
    utils.c                                  0x00000000   Number         0  utils.o ABSOLUTE
    RESET                                    0x08000000   Section      392  startup_stm32f40_41xxx.o(RESET)
    !!!main                                  0x08000188   Section        8  __main.o(!!!main)
    !!!scatter                               0x08000190   Section       52  __scatter.o(!!!scatter)
    !!handler_copy                           0x080001c4   Section       26  __scatter_copy.o(!!handler_copy)
    !!handler_zi                             0x080001e0   Section       28  __scatter_zi.o(!!handler_zi)
    .ARM.Collect$$libinit$$00000000          0x080001fc   Section        2  libinit.o(.ARM.Collect$$libinit$$00000000)
    .ARM.Collect$$libinit$$00000001          0x080001fe   Section        4  libinit2.o(.ARM.Collect$$libinit$$00000001)
    .ARM.Collect$$libinit$$00000004          0x08000202   Section        0  libinit2.o(.ARM.Collect$$libinit$$00000004)
    .ARM.Collect$$libinit$$0000000A          0x08000202   Section        0  libinit2.o(.ARM.Collect$$libinit$$0000000A)
    .ARM.Collect$$libinit$$0000000C          0x08000202   Section        0  libinit2.o(.ARM.Collect$$libinit$$0000000C)
    .ARM.Collect$$libinit$$0000000E          0x08000202   Section        0  libinit2.o(.ARM.Collect$$libinit$$0000000E)
    .ARM.Collect$$libinit$$0000000F          0x08000202   Section        6  libinit2.o(.ARM.Collect$$libinit$$0000000F)
    .ARM.Collect$$libinit$$00000011          0x08000208   Section        0  libinit2.o(.ARM.Collect$$libinit$$00000011)
    .ARM.Collect$$libinit$$00000012          0x08000208   Section       12  libinit2.o(.ARM.Collect$$libinit$$00000012)
    .ARM.Collect$$libinit$$00000013          0x08000214   Section        0  libinit2.o(.ARM.Collect$$libinit$$00000013)
    .ARM.Collect$$libinit$$00000015          0x08000214   Section        0  libinit2.o(.ARM.Collect$$libinit$$00000015)
    .ARM.Collect$$libinit$$00000016          0x08000214   Section       10  libinit2.o(.ARM.Collect$$libinit$$00000016)
    .ARM.Collect$$libinit$$00000017          0x0800021e   Section        0  libinit2.o(.ARM.Collect$$libinit$$00000017)
    .ARM.Collect$$libinit$$00000019          0x0800021e   Section        0  libinit2.o(.ARM.Collect$$libinit$$00000019)
    .ARM.Collect$$libinit$$0000001B          0x0800021e   Section        0  libinit2.o(.ARM.Collect$$libinit$$0000001B)
    .ARM.Collect$$libinit$$0000001D          0x0800021e   Section        0  libinit2.o(.ARM.Collect$$libinit$$0000001D)
    .ARM.Collect$$libinit$$0000001F          0x0800021e   Section        0  libinit2.o(.ARM.Collect$$libinit$$0000001F)
    .ARM.Collect$$libinit$$00000021          0x0800021e   Section        0  libinit2.o(.ARM.Collect$$libinit$$00000021)
    .ARM.Collect$$libinit$$00000023          0x0800021e   Section        0  libinit2.o(.ARM.Collect$$libinit$$00000023)
    .ARM.Collect$$libinit$$00000025          0x0800021e   Section        0  libinit2.o(.ARM.Collect$$libinit$$00000025)
    .ARM.Collect$$libinit$$0000002C          0x0800021e   Section        0  libinit2.o(.ARM.Collect$$libinit$$0000002C)
    .ARM.Collect$$libinit$$0000002E          0x0800021e   Section        0  libinit2.o(.ARM.Collect$$libinit$$0000002E)
    .ARM.Collect$$libinit$$00000030          0x0800021e   Section        0  libinit2.o(.ARM.Collect$$libinit$$00000030)
    .ARM.Collect$$libinit$$00000032          0x0800021e   Section        0  libinit2.o(.ARM.Collect$$libinit$$00000032)
    .ARM.Collect$$libinit$$00000033          0x0800021e   Section        2  libinit2.o(.ARM.Collect$$libinit$$00000033)
    .ARM.Collect$$libshutdown$$00000000      0x08000220   Section        2  libshutdown.o(.ARM.Collect$$libshutdown$$00000000)
    .ARM.Collect$$libshutdown$$00000002      0x08000222   Section        0  libshutdown2.o(.ARM.Collect$$libshutdown$$00000002)
    .ARM.Collect$$libshutdown$$00000004      0x08000222   Section        0  libshutdown2.o(.ARM.Collect$$libshutdown$$00000004)
    .ARM.Collect$$libshutdown$$00000007      0x08000222   Section        0  libshutdown2.o(.ARM.Collect$$libshutdown$$00000007)
    .ARM.Collect$$libshutdown$$0000000A      0x08000222   Section        0  libshutdown2.o(.ARM.Collect$$libshutdown$$0000000A)
    .ARM.Collect$$libshutdown$$0000000C      0x08000222   Section        0  libshutdown2.o(.ARM.Collect$$libshutdown$$0000000C)
    .ARM.Collect$$libshutdown$$0000000F      0x08000222   Section        0  libshutdown2.o(.ARM.Collect$$libshutdown$$0000000F)
    .ARM.Collect$$libshutdown$$00000010      0x08000222   Section        2  libshutdown2.o(.ARM.Collect$$libshutdown$$00000010)
    .ARM.Collect$$rtentry$$00000000          0x08000224   Section        0  __rtentry.o(.ARM.Collect$$rtentry$$00000000)
    .ARM.Collect$$rtentry$$00000002          0x08000224   Section        0  __rtentry2.o(.ARM.Collect$$rtentry$$00000002)
    .ARM.Collect$$rtentry$$00000004          0x08000224   Section        6  __rtentry4.o(.ARM.Collect$$rtentry$$00000004)
    .ARM.Collect$$rtentry$$00000009          0x0800022a   Section        0  __rtentry2.o(.ARM.Collect$$rtentry$$00000009)
    .ARM.Collect$$rtentry$$0000000A          0x0800022a   Section        4  __rtentry2.o(.ARM.Collect$$rtentry$$0000000A)
    .ARM.Collect$$rtentry$$0000000C          0x0800022e   Section        0  __rtentry2.o(.ARM.Collect$$rtentry$$0000000C)
    .ARM.Collect$$rtentry$$0000000D          0x0800022e   Section        8  __rtentry2.o(.ARM.Collect$$rtentry$$0000000D)
    .ARM.Collect$$rtexit$$00000000           0x08000236   Section        2  rtexit.o(.ARM.Collect$$rtexit$$00000000)
    .ARM.Collect$$rtexit$$00000002           0x08000238   Section        0  rtexit2.o(.ARM.Collect$$rtexit$$00000002)
    .ARM.Collect$$rtexit$$00000003           0x08000238   Section        4  rtexit2.o(.ARM.Collect$$rtexit$$00000003)
    .ARM.Collect$$rtexit$$00000004           0x0800023c   Section        6  rtexit2.o(.ARM.Collect$$rtexit$$00000004)
    .text                                    0x08000244   Section       64  startup_stm32f40_41xxx.o(.text)
    $v0                                      0x08000244   Number         0  startup_stm32f40_41xxx.o(.text)
    .text                                    0x08000284   Section        0  heapauxi.o(.text)
    .text                                    0x0800028a   Section        0  _rserrno.o(.text)
    .text                                    0x080002a0   Section        0  strtod.o(.text)
    _local_sscanf                            0x080002a1   Thumb Code    60  strtod.o(.text)
    .text                                    0x08000344   Section        8  rt_errno_addr_intlibspace.o(.text)
    .text                                    0x0800034c   Section        0  isspace.o(.text)
    .text                                    0x0800035e   Section        0  _sgetc.o(.text)
    .text                                    0x080003a0   Section        8  libspace.o(.text)
    .text                                    0x080003a8   Section       74  sys_stackheap_outer.o(.text)
    .text                                    0x080003f4   Section       16  rt_ctype_table.o(.text)
    .text                                    0x08000404   Section        0  scanf_fp.o(.text)
    _fp_value                                0x08000405   Thumb Code   588  scanf_fp.o(.text)
    .text                                    0x080008fc   Section        0  exit.o(.text)
    .text                                    0x08000910   Section      128  strcmpv7m.o(.text)
    .text                                    0x08000990   Section        8  rt_locale_intlibspace.o(.text)
    .text                                    0x08000998   Section        0  bigflt0.o(.text)
    .text                                    0x08000a7c   Section        0  scanf_hexfp.o(.text)
    .text                                    0x08000d9c   Section        0  scanf_infnan.o(.text)
    .text                                    0x08000ed0   Section        0  sys_exit.o(.text)
    .text                                    0x08000edc   Section       38  llshl.o(.text)
    .text                                    0x08000f02   Section        0  _chval.o(.text)
    .text                                    0x08000f1e   Section        2  use_no_semi.o(.text)
    .text                                    0x08000f20   Section        0  indicate_semi.o(.text)
    CL$$btod_div_common                      0x08000f20   Section      824  btod.o(CL$$btod_div_common)
    CL$$btod_e2d                             0x08001258   Section      132  btod.o(CL$$btod_e2d)
    CL$$btod_e2e                             0x080012dc   Section      220  btod.o(CL$$btod_e2e)
    CL$$btod_ediv                            0x080013b8   Section       42  btod.o(CL$$btod_ediv)
    CL$$btod_edivd                           0x080013e2   Section       42  btod.o(CL$$btod_edivd)
    CL$$btod_emul                            0x0800140c   Section       42  btod.o(CL$$btod_emul)
    CL$$btod_emuld                           0x08001436   Section       42  btod.o(CL$$btod_emuld)
    CL$$btod_mult_common                     0x08001460   Section      580  btod.o(CL$$btod_mult_common)
    i.BusFault_Handler                       0x080016a4   Section        0  stm32f4xx_it.o(i.BusFault_Handler)
    i.CAN1_RX0_IRQHandler                    0x080016a8   Section        0  ugv_can.o(i.CAN1_RX0_IRQHandler)
    i.CAN1_Send                              0x080017c8   Section        0  ugv_can.o(i.CAN1_Send)
    i.CAN_GetITStatus                        0x08001808   Section        0  stm32f4xx_can.o(i.CAN_GetITStatus)
    i.CAN_Receive                            0x08001928   Section        0  stm32f4xx_can.o(i.CAN_Receive)
    i.CAN_Transmit                           0x08001a18   Section        0  stm32f4xx_can.o(i.CAN_Transmit)
    i.CheckITStatus                          0x08001b3e   Section        0  stm32f4xx_can.o(i.CheckITStatus)
    CheckITStatus                            0x08001b3f   Thumb Code    18  stm32f4xx_can.o(i.CheckITStatus)
    i.DebugMon_Handler                       0x08001b50   Section        0  stm32f4xx_it.o(i.DebugMon_Handler)
    i.ENC_Config                             0x08001b54   Section        0  ugv_enc.o(i.ENC_Config)
    i.GPIO_Init                              0x08001ca8   Section        0  stm32f4xx_gpio.o(i.GPIO_Init)
    i.GPIO_PinAFConfig                       0x08001d38   Section        0  stm32f4xx_gpio.o(i.GPIO_PinAFConfig)
    i.GPIO_ResetBits                         0x08001d7e   Section        0  stm32f4xx_gpio.o(i.GPIO_ResetBits)
    i.GPIO_SetBits                           0x08001d82   Section        0  stm32f4xx_gpio.o(i.GPIO_SetBits)
    i.GPIO_ToggleBits                        0x08001d86   Section        0  stm32f4xx_gpio.o(i.GPIO_ToggleBits)
    i.Get_ENC_speed                          0x08001d90   Section        0  ugv_enc.o(i.Get_ENC_speed)
    i.Get_range_from_sonar                   0x08001e98   Section        0  ugv_uart_sonar.o(i.Get_range_from_sonar)
    i.HardFault_Handler                      0x08001eb0   Section        0  stm32f4xx_it.o(i.HardFault_Handler)
    i.LED_Config                             0x08001eb4   Section        0  main.o(i.LED_Config)
    i.Manual_mode                            0x08001ee8   Section        0  ugv_uart_joystick.o(i.Manual_mode)
    i.MemManage_Handler                      0x08002090   Section        0  stm32f4xx_it.o(i.MemManage_Handler)
    i.Mode_stop                              0x08002094   Section        0  ugv_uart_sonar.o(i.Mode_stop)
    i.Motor_Config                           0x08002178   Section        0  ugv_pwm.o(i.Motor_Config)
    i.Motor_Control                          0x0800228c   Section        0  ugv_pwm.o(i.Motor_Control)
    i.NMI_Handler                            0x080022a0   Section        0  stm32f4xx_it.o(i.NMI_Handler)
    i.NVIC_Init                              0x080022a4   Section        0  misc.o(i.NVIC_Init)
    i.NVIC_SetPriorityGrouping               0x0800231c   Section        0  ugv_timer.o(i.NVIC_SetPriorityGrouping)
    NVIC_SetPriorityGrouping                 0x0800231d   Thumb Code    30  ugv_timer.o(i.NVIC_SetPriorityGrouping)
    i.PendSV_Handler                         0x08002344   Section        0  stm32f4xx_it.o(i.PendSV_Handler)
    i.RCC_AHB1PeriphClockCmd                 0x08002348   Section        0  stm32f4xx_rcc.o(i.RCC_AHB1PeriphClockCmd)
    i.RCC_APB1PeriphClockCmd                 0x08002368   Section        0  stm32f4xx_rcc.o(i.RCC_APB1PeriphClockCmd)
    i.RCC_APB2PeriphClockCmd                 0x08002388   Section        0  stm32f4xx_rcc.o(i.RCC_APB2PeriphClockCmd)
    i.SBUS_read                              0x080023a8   Section        0  ugv_sbus.o(i.SBUS_read)
    i.SVC_Handler                            0x0800260e   Section        0  stm32f4xx_it.o(i.SVC_Handler)
    i.SetSysClock                            0x08002610   Section        0  system_stm32f4xx.o(i.SetSysClock)
    SetSysClock                              0x08002611   Thumb Code   220  system_stm32f4xx.o(i.SetSysClock)
    i.Str2Double                             0x080026fc   Section        0  utils.o(i.Str2Double)
    i.String_Split                           0x08002708   Section        0  utils.o(i.String_Split)
    i.SysTick_Handler                        0x08002742   Section        0  stm32f4xx_it.o(i.SysTick_Handler)
    i.SystemInit                             0x08002744   Section        0  system_stm32f4xx.o(i.SystemInit)
    i.TI1_Config                             0x080027ac   Section        0  stm32f4xx_tim.o(i.TI1_Config)
    TI1_Config                               0x080027ad   Thumb Code    58  stm32f4xx_tim.o(i.TI1_Config)
    i.TI2_Config                             0x080027e6   Section        0  stm32f4xx_tim.o(i.TI2_Config)
    TI2_Config                               0x080027e7   Thumb Code    80  stm32f4xx_tim.o(i.TI2_Config)
    i.TI3_Config                             0x08002836   Section        0  stm32f4xx_tim.o(i.TI3_Config)
    TI3_Config                               0x08002837   Thumb Code    72  stm32f4xx_tim.o(i.TI3_Config)
    i.TI4_Config                             0x0800287e   Section        0  stm32f4xx_tim.o(i.TI4_Config)
    TI4_Config                               0x0800287f   Thumb Code    80  stm32f4xx_tim.o(i.TI4_Config)
    i.TIM5_IRQHandler                        0x080028d0   Section        0  ugv_timer.o(i.TIM5_IRQHandler)
    i.TIM7_IRQHandler                        0x0800290c   Section        0  ugv_timer.o(i.TIM7_IRQHandler)
    i.TIM_BDTRConfig                         0x0800295c   Section        0  stm32f4xx_tim.o(i.TIM_BDTRConfig)
    i.TIM_ClearITPendingBit                  0x0800297c   Section        0  stm32f4xx_tim.o(i.TIM_ClearITPendingBit)
    i.TIM_Cmd                                0x08002982   Section        0  stm32f4xx_tim.o(i.TIM_Cmd)
    i.TIM_CtrlPWMOutputs                     0x0800299a   Section        0  stm32f4xx_tim.o(i.TIM_CtrlPWMOutputs)
    i.TIM_EncoderInterfaceConfig             0x080029b8   Section        0  stm32f4xx_tim.o(i.TIM_EncoderInterfaceConfig)
    i.TIM_GetCounter                         0x080029fa   Section        0  stm32f4xx_tim.o(i.TIM_GetCounter)
    i.TIM_GetITStatus                        0x08002a00   Section        0  stm32f4xx_tim.o(i.TIM_GetITStatus)
    i.TIM_ICInit                             0x08002a22   Section        0  stm32f4xx_tim.o(i.TIM_ICInit)
    i.TIM_ITConfig                           0x08002a90   Section        0  stm32f4xx_tim.o(i.TIM_ITConfig)
    i.TIM_OC1Init                            0x08002aa4   Section        0  stm32f4xx_tim.o(i.TIM_OC1Init)
    i.TIM_OC2Init                            0x08002b20   Section        0  stm32f4xx_tim.o(i.TIM_OC2Init)
    i.TIM_SetCounter                         0x08002bc4   Section        0  stm32f4xx_tim.o(i.TIM_SetCounter)
    i.TIM_SetIC1Prescaler                    0x08002bc8   Section        0  stm32f4xx_tim.o(i.TIM_SetIC1Prescaler)
    i.TIM_SetIC2Prescaler                    0x08002bda   Section        0  stm32f4xx_tim.o(i.TIM_SetIC2Prescaler)
    i.TIM_SetIC3Prescaler                    0x08002bf4   Section        0  stm32f4xx_tim.o(i.TIM_SetIC3Prescaler)
    i.TIM_SetIC4Prescaler                    0x08002c06   Section        0  stm32f4xx_tim.o(i.TIM_SetIC4Prescaler)
    i.TIM_TimeBaseInit                       0x08002c20   Section        0  stm32f4xx_tim.o(i.TIM_TimeBaseInit)
    i.Timer_Control                          0x08002ca4   Section        0  ugv_timer.o(i.Timer_Control)
    i.Timer_Motor                            0x08002d0c   Section        0  ugv_timer.o(i.Timer_Motor)
    i.UsageFault_Handler                     0x08002d70   Section        0  stm32f4xx_it.o(i.UsageFault_Handler)
    i.__hardfp___mathlib_tofloat             0x08002d78   Section        0  narrow.o(i.__hardfp___mathlib_tofloat)
    i.__hardfp_atof                          0x08002e70   Section        0  atof.o(i.__hardfp_atof)
    i.__hardfp_ldexp                         0x08002ea8   Section        0  ldexp.o(i.__hardfp_ldexp)
    i.__mathlib_dbl_overflow                 0x08002f78   Section        0  dunder.o(i.__mathlib_dbl_overflow)
    i.__mathlib_dbl_underflow                0x08002f98   Section        0  dunder.o(i.__mathlib_dbl_underflow)
    i.__mathlib_narrow                       0x08002fb8   Section        0  narrow.o(i.__mathlib_narrow)
    i.__support_ldexp                        0x08002fca   Section        0  ldexp.o(i.__support_ldexp)
    i._is_digit                              0x08002fde   Section        0  scanf_fp.o(i._is_digit)
    i.frexp                                  0x08002ff0   Section        0  frexp.o(i.frexp)
    i.main                                   0x0800307c   Section        0  main.o(i.main)
    i.map                                    0x08003094   Section        0  ugv_sbus.o(i.map)
    locale$$code                             0x080030ac   Section       44  lc_numeric_c.o(locale$$code)
    locale$$code                             0x080030d8   Section       44  lc_ctype_c.o(locale$$code)
    x$fpl$d2f                                0x08003104   Section       98  d2f.o(x$fpl$d2f)
    $v0                                      0x08003104   Number         0  d2f.o(x$fpl$d2f)
    x$fpl$dcheck1                            0x08003168   Section       16  dcheck1.o(x$fpl$dcheck1)
    $v0                                      0x08003168   Number         0  dcheck1.o(x$fpl$dcheck1)
    x$fpl$dcmpinf                            0x08003178   Section       24  dcmpi.o(x$fpl$dcmpinf)
    $v0                                      0x08003178   Number         0  dcmpi.o(x$fpl$dcmpinf)
    x$fpl$ddiv                               0x08003190   Section      688  ddiv.o(x$fpl$ddiv)
    $v0                                      0x08003190   Number         0  ddiv.o(x$fpl$ddiv)
    ddiv_entry                               0x08003197   Thumb Code     0  ddiv.o(x$fpl$ddiv)
    x$fpl$deqf                               0x08003440   Section      120  deqf.o(x$fpl$deqf)
    $v0                                      0x08003440   Number         0  deqf.o(x$fpl$deqf)
    x$fpl$dflt                               0x080034b8   Section       46  dflt_clz.o(x$fpl$dflt)
    $v0                                      0x080034b8   Number         0  dflt_clz.o(x$fpl$dflt)
    x$fpl$dleqf                              0x080034e8   Section      120  dleqf.o(x$fpl$dleqf)
    $v0                                      0x080034e8   Number         0  dleqf.o(x$fpl$dleqf)
    x$fpl$dmul                               0x08003560   Section      340  dmul.o(x$fpl$dmul)
    $v0                                      0x08003560   Number         0  dmul.o(x$fpl$dmul)
    x$fpl$dnaninf                            0x080036b4   Section      156  dnaninf.o(x$fpl$dnaninf)
    $v0                                      0x080036b4   Number         0  dnaninf.o(x$fpl$dnaninf)
    x$fpl$dretinf                            0x08003750   Section       12  dretinf.o(x$fpl$dretinf)
    $v0                                      0x08003750   Number         0  dretinf.o(x$fpl$dretinf)
    x$fpl$drleqf                             0x0800375c   Section      108  drleqf.o(x$fpl$drleqf)
    $v0                                      0x0800375c   Number         0  drleqf.o(x$fpl$drleqf)
    x$fpl$f2d                                0x080037c8   Section       86  f2d.o(x$fpl$f2d)
    $v0                                      0x080037c8   Number         0  f2d.o(x$fpl$f2d)
    x$fpl$fnaninf                            0x0800381e   Section      140  fnaninf.o(x$fpl$fnaninf)
    $v0                                      0x0800381e   Number         0  fnaninf.o(x$fpl$fnaninf)
    x$fpl$fpinit                             0x080038aa   Section       10  fpinit.o(x$fpl$fpinit)
    $v0                                      0x080038aa   Number         0  fpinit.o(x$fpl$fpinit)
    x$fpl$fretinf                            0x080038b4   Section       10  fretinf.o(x$fpl$fretinf)
    $v0                                      0x080038b4   Number         0  fretinf.o(x$fpl$fretinf)
    x$fpl$ieeestatus                         0x080038be   Section        6  istatus.o(x$fpl$ieeestatus)
    $v0                                      0x080038be   Number         0  istatus.o(x$fpl$ieeestatus)
    x$fpl$retnan                             0x080038c4   Section      100  retnan.o(x$fpl$retnan)
    $v0                                      0x080038c4   Number         0  retnan.o(x$fpl$retnan)
    x$fpl$scalbn                             0x08003928   Section       92  scalbn.o(x$fpl$scalbn)
    $v0                                      0x08003928   Number         0  scalbn.o(x$fpl$scalbn)
    x$fpl$scanf1                             0x08003984   Section        4  scanf1.o(x$fpl$scanf1)
    $v0                                      0x08003984   Number         0  scanf1.o(x$fpl$scanf1)
    x$fpl$scanf2                             0x08003988   Section        8  scanf2.o(x$fpl$scanf2)
    $v0                                      0x08003988   Number         0  scanf2.o(x$fpl$scanf2)
    x$fpl$trapveneer                         0x08003990   Section       48  trapv.o(x$fpl$trapveneer)
    $v0                                      0x08003990   Number         0  trapv.o(x$fpl$trapveneer)
    .constdata                               0x080039c0   Section      148  bigflt0.o(.constdata)
    x$fpl$usenofp                            0x080039c0   Section        0  usenofp.o(x$fpl$usenofp)
    tenpwrs_x                                0x080039c0   Data          60  bigflt0.o(.constdata)
    tenpwrs_i                                0x080039fc   Data          64  bigflt0.o(.constdata)
    c$$dinf                                  0x08003a74   Section        8  fpconst.o(c$$dinf)
    c$$dmax                                  0x08003a7c   Section        8  fpconst.o(c$$dmax)
    locale$$data                             0x08003a84   Section       28  lc_numeric_c.o(locale$$data)
    __lcnum_c_name                           0x08003a88   Data           2  lc_numeric_c.o(locale$$data)
    __lcnum_c_start                          0x08003a90   Data           0  lc_numeric_c.o(locale$$data)
    __lcnum_c_point                          0x08003a9c   Data           0  lc_numeric_c.o(locale$$data)
    __lcnum_c_thousands                      0x08003a9e   Data           0  lc_numeric_c.o(locale$$data)
    __lcnum_c_grouping                       0x08003a9f   Data           0  lc_numeric_c.o(locale$$data)
    locale$$data                             0x08003aa0   Section      272  lc_ctype_c.o(locale$$data)
    __lcnum_c_end                            0x08003aa0   Data           0  lc_numeric_c.o(locale$$data)
    __lcctype_c_name                         0x08003aa4   Data           2  lc_ctype_c.o(locale$$data)
    __lcctype_c_start                        0x08003aac   Data           0  lc_ctype_c.o(locale$$data)
    __lcctype_c_end                          0x08003bb0   Data           0  lc_ctype_c.o(locale$$data)
    .data                                    0x20000000   Section        9  ugv_can.o(.data)
    .data                                    0x20000010   Section       32  ugv_uart_joystick.o(.data)
    .data                                    0x20000030   Section        8  ugv_enc.o(.data)
    .data                                    0x20000038   Section       24  ugv_uart_sonar.o(.data)
    .bss                                     0x20000050   Section       40  ugv_can.o(.bss)
    .bss                                     0x20000078   Section      268  ugv_uart_joystick.o(.bss)
    .bss                                     0x20000188   Section       80  ugv_pwm.o(.bss)
    .bss                                     0x200001d8   Section       96  ugv_uart_sonar.o(.bss)
    .bss                                     0x20000238   Section       96  libspace.o(.bss)
    HEAP                                     0x20000298   Section      512  startup_stm32f40_41xxx.o(HEAP)
    Heap_Mem                                 0x20000298   Data         512  startup_stm32f40_41xxx.o(HEAP)
    STACK                                    0x20000498   Section     1024  startup_stm32f40_41xxx.o(STACK)
    Stack_Mem                                0x20000498   Data        1024  startup_stm32f40_41xxx.o(STACK)
    __initial_sp                             0x20000898   Data           0  startup_stm32f40_41xxx.o(STACK)

    Global Symbols

    Symbol Name                              Value     Ov Type        Size  Object(Section)

    BuildAttributes$$THM_ISAv4$E$P$D$K$B$S$7EM$VFPi3$EXTD16$VFPS$VFMA$PE$A:L22UL41UL21$X:L11$S22US41US21$IEEE1$IW$USESV6$~STKCKD$USESV7$~SHL$OTIME$ROPI$IEEEX$EBA8$UX$STANDARDLIB$REQ8$PRES8$EABIv2 0x00000000   Number         0  anon$$obj.o ABSOLUTE
    __ARM_use_no_argv                        0x00000000   Number         0  main.o ABSOLUTE
    __ARM_exceptions_init                     - Undefined Weak Reference
    __alloca_initialize                       - Undefined Weak Reference
    __arm_preinit_                            - Undefined Weak Reference
    __cpp_initialize__aeabi_                  - Undefined Weak Reference
    __cxa_finalize                            - Undefined Weak Reference
    __sigvec_lookup                           - Undefined Weak Reference
    _atexit_init                              - Undefined Weak Reference
    _call_atexit_fns                          - Undefined Weak Reference
    _clock_init                               - Undefined Weak Reference
    _fp_trap_init                             - Undefined Weak Reference
    _fp_trap_shutdown                         - Undefined Weak Reference
    _get_lc_collate                           - Undefined Weak Reference
    _get_lc_monetary                          - Undefined Weak Reference
    _get_lc_time                              - Undefined Weak Reference
    _getenv_init                              - Undefined Weak Reference
    _handle_redirection                       - Undefined Weak Reference
    _init_alloc                               - Undefined Weak Reference
    _init_user_alloc                          - Undefined Weak Reference
    _initio                                   - Undefined Weak Reference
    _rand_init                                - Undefined Weak Reference
    _signal_finish                            - Undefined Weak Reference
    _signal_init                              - Undefined Weak Reference
    _terminate_alloc                          - Undefined Weak Reference
    _terminate_user_alloc                     - Undefined Weak Reference
    _terminateio                              - Undefined Weak Reference
    __Vectors_Size                           0x00000188   Number         0  startup_stm32f40_41xxx.o ABSOLUTE
    __Vectors                                0x08000000   Data           4  startup_stm32f40_41xxx.o(RESET)
    __Vectors_End                            0x08000188   Data           0  startup_stm32f40_41xxx.o(RESET)
    __main                                   0x08000189   Thumb Code     8  __main.o(!!!main)
    __scatterload                            0x08000191   Thumb Code     0  __scatter.o(!!!scatter)
    __scatterload_rt2                        0x08000191   Thumb Code    44  __scatter.o(!!!scatter)
    __scatterload_rt2_thumb_only             0x08000191   Thumb Code     0  __scatter.o(!!!scatter)
    __scatterload_null                       0x0800019f   Thumb Code     0  __scatter.o(!!!scatter)
    __scatterload_copy                       0x080001c5   Thumb Code    26  __scatter_copy.o(!!handler_copy)
    __scatterload_zeroinit                   0x080001e1   Thumb Code    28  __scatter_zi.o(!!handler_zi)
    __rt_lib_init                            0x080001fd   Thumb Code     0  libinit.o(.ARM.Collect$$libinit$$00000000)
    __rt_lib_init_fp_1                       0x080001ff   Thumb Code     0  libinit2.o(.ARM.Collect$$libinit$$00000001)
    __rt_lib_init_heap_1                     0x08000203   Thumb Code     0  libinit2.o(.ARM.Collect$$libinit$$0000000A)
    __rt_lib_init_lc_common                  0x08000203   Thumb Code     0  libinit2.o(.ARM.Collect$$libinit$$0000000F)
    __rt_lib_init_preinit_1                  0x08000203   Thumb Code     0  libinit2.o(.ARM.Collect$$libinit$$00000004)
    __rt_lib_init_rand_1                     0x08000203   Thumb Code     0  libinit2.o(.ARM.Collect$$libinit$$0000000E)
    __rt_lib_init_user_alloc_1               0x08000203   Thumb Code     0  libinit2.o(.ARM.Collect$$libinit$$0000000C)
    __rt_lib_init_lc_collate_1               0x08000209   Thumb Code     0  libinit2.o(.ARM.Collect$$libinit$$00000011)
    __rt_lib_init_lc_ctype_2                 0x08000209   Thumb Code     0  libinit2.o(.ARM.Collect$$libinit$$00000012)
    __rt_lib_init_lc_ctype_1                 0x08000215   Thumb Code     0  libinit2.o(.ARM.Collect$$libinit$$00000013)
    __rt_lib_init_lc_monetary_1              0x08000215   Thumb Code     0  libinit2.o(.ARM.Collect$$libinit$$00000015)
    __rt_lib_init_lc_numeric_2               0x08000215   Thumb Code     0  libinit2.o(.ARM.Collect$$libinit$$00000016)
    __rt_lib_init_alloca_1                   0x0800021f   Thumb Code     0  libinit2.o(.ARM.Collect$$libinit$$0000002E)
    __rt_lib_init_argv_1                     0x0800021f   Thumb Code     0  libinit2.o(.ARM.Collect$$libinit$$0000002C)
    __rt_lib_init_atexit_1                   0x0800021f   Thumb Code     0  libinit2.o(.ARM.Collect$$libinit$$0000001B)
    __rt_lib_init_clock_1                    0x0800021f   Thumb Code     0  libinit2.o(.ARM.Collect$$libinit$$00000021)
    __rt_lib_init_cpp_1                      0x0800021f   Thumb Code     0  libinit2.o(.ARM.Collect$$libinit$$00000032)
    __rt_lib_init_exceptions_1               0x0800021f   Thumb Code     0  libinit2.o(.ARM.Collect$$libinit$$00000030)
    __rt_lib_init_fp_trap_1                  0x0800021f   Thumb Code     0  libinit2.o(.ARM.Collect$$libinit$$0000001F)
    __rt_lib_init_getenv_1                   0x0800021f   Thumb Code     0  libinit2.o(.ARM.Collect$$libinit$$00000023)
    __rt_lib_init_lc_numeric_1               0x0800021f   Thumb Code     0  libinit2.o(.ARM.Collect$$libinit$$00000017)
    __rt_lib_init_lc_time_1                  0x0800021f   Thumb Code     0  libinit2.o(.ARM.Collect$$libinit$$00000019)
    __rt_lib_init_return                     0x0800021f   Thumb Code     0  libinit2.o(.ARM.Collect$$libinit$$00000033)
    __rt_lib_init_signal_1                   0x0800021f   Thumb Code     0  libinit2.o(.ARM.Collect$$libinit$$0000001D)
    __rt_lib_init_stdio_1                    0x0800021f   Thumb Code     0  libinit2.o(.ARM.Collect$$libinit$$00000025)
    __rt_lib_shutdown                        0x08000221   Thumb Code     0  libshutdown.o(.ARM.Collect$$libshutdown$$00000000)
    __rt_lib_shutdown_cpp_1                  0x08000223   Thumb Code     0  libshutdown2.o(.ARM.Collect$$libshutdown$$00000002)
    __rt_lib_shutdown_fp_trap_1              0x08000223   Thumb Code     0  libshutdown2.o(.ARM.Collect$$libshutdown$$00000007)
    __rt_lib_shutdown_heap_1                 0x08000223   Thumb Code     0  libshutdown2.o(.ARM.Collect$$libshutdown$$0000000F)
    __rt_lib_shutdown_return                 0x08000223   Thumb Code     0  libshutdown2.o(.ARM.Collect$$libshutdown$$00000010)
    __rt_lib_shutdown_signal_1               0x08000223   Thumb Code     0  libshutdown2.o(.ARM.Collect$$libshutdown$$0000000A)
    __rt_lib_shutdown_stdio_1                0x08000223   Thumb Code     0  libshutdown2.o(.ARM.Collect$$libshutdown$$00000004)
    __rt_lib_shutdown_user_alloc_1           0x08000223   Thumb Code     0  libshutdown2.o(.ARM.Collect$$libshutdown$$0000000C)
    __rt_entry                               0x08000225   Thumb Code     0  __rtentry.o(.ARM.Collect$$rtentry$$00000000)
    __rt_entry_presh_1                       0x08000225   Thumb Code     0  __rtentry2.o(.ARM.Collect$$rtentry$$00000002)
    __rt_entry_sh                            0x08000225   Thumb Code     0  __rtentry4.o(.ARM.Collect$$rtentry$$00000004)
    __rt_entry_li                            0x0800022b   Thumb Code     0  __rtentry2.o(.ARM.Collect$$rtentry$$0000000A)
    __rt_entry_postsh_1                      0x0800022b   Thumb Code     0  __rtentry2.o(.ARM.Collect$$rtentry$$00000009)
    __rt_entry_main                          0x0800022f   Thumb Code     0  __rtentry2.o(.ARM.Collect$$rtentry$$0000000D)
    __rt_entry_postli_1                      0x0800022f   Thumb Code     0  __rtentry2.o(.ARM.Collect$$rtentry$$0000000C)
    __rt_exit                                0x08000237   Thumb Code     0  rtexit.o(.ARM.Collect$$rtexit$$00000000)
    __rt_exit_ls                             0x08000239   Thumb Code     0  rtexit2.o(.ARM.Collect$$rtexit$$00000003)
    __rt_exit_prels_1                        0x08000239   Thumb Code     0  rtexit2.o(.ARM.Collect$$rtexit$$00000002)
    __rt_exit_exit                           0x0800023d   Thumb Code     0  rtexit2.o(.ARM.Collect$$rtexit$$00000004)
    Reset_Handler                            0x08000245   Thumb Code     8  startup_stm32f40_41xxx.o(.text)
    ADC_IRQHandler                           0x0800025f   Thumb Code     0  startup_stm32f40_41xxx.o(.text)
    CAN1_RX1_IRQHandler                      0x0800025f   Thumb Code     0  startup_stm32f40_41xxx.o(.text)
    CAN1_SCE_IRQHandler                      0x0800025f   Thumb Code     0  startup_stm32f40_41xxx.o(.text)
    CAN1_TX_IRQHandler                       0x0800025f   Thumb Code     0  startup_stm32f40_41xxx.o(.text)
    CAN2_RX0_IRQHandler                      0x0800025f   Thumb Code     0  startup_stm32f40_41xxx.o(.text)
    CAN2_RX1_IRQHandler                      0x0800025f   Thumb Code     0  startup_stm32f40_41xxx.o(.text)
    CAN2_SCE_IRQHandler                      0x0800025f   Thumb Code     0  startup_stm32f40_41xxx.o(.text)
    CAN2_TX_IRQHandler                       0x0800025f   Thumb Code     0  startup_stm32f40_41xxx.o(.text)
    CRYP_IRQHandler                          0x0800025f   Thumb Code     0  startup_stm32f40_41xxx.o(.text)
    DCMI_IRQHandler                          0x0800025f   Thumb Code     0  startup_stm32f40_41xxx.o(.text)
    DMA1_Stream0_IRQHandler                  0x0800025f   Thumb Code     0  startup_stm32f40_41xxx.o(.text)
    DMA1_Stream1_IRQHandler                  0x0800025f   Thumb Code     0  startup_stm32f40_41xxx.o(.text)
    DMA1_Stream2_IRQHandler                  0x0800025f   Thumb Code     0  startup_stm32f40_41xxx.o(.text)
    DMA1_Stream3_IRQHandler                  0x0800025f   Thumb Code     0  startup_stm32f40_41xxx.o(.text)
    DMA1_Stream4_IRQHandler                  0x0800025f   Thumb Code     0  startup_stm32f40_41xxx.o(.text)
    DMA1_Stream5_IRQHandler                  0x0800025f   Thumb Code     0  startup_stm32f40_41xxx.o(.text)
    DMA1_Stream6_IRQHandler                  0x0800025f   Thumb Code     0  startup_stm32f40_41xxx.o(.text)
    DMA1_Stream7_IRQHandler                  0x0800025f   Thumb Code     0  startup_stm32f40_41xxx.o(.text)
    DMA2_Stream0_IRQHandler                  0x0800025f   Thumb Code     0  startup_stm32f40_41xxx.o(.text)
    DMA2_Stream1_IRQHandler                  0x0800025f   Thumb Code     0  startup_stm32f40_41xxx.o(.text)
    DMA2_Stream2_IRQHandler                  0x0800025f   Thumb Code     0  startup_stm32f40_41xxx.o(.text)
    DMA2_Stream3_IRQHandler                  0x0800025f   Thumb Code     0  startup_stm32f40_41xxx.o(.text)
    DMA2_Stream4_IRQHandler                  0x0800025f   Thumb Code     0  startup_stm32f40_41xxx.o(.text)
    DMA2_Stream5_IRQHandler                  0x0800025f   Thumb Code     0  startup_stm32f40_41xxx.o(.text)
    DMA2_Stream6_IRQHandler                  0x0800025f   Thumb Code     0  startup_stm32f40_41xxx.o(.text)
    DMA2_Stream7_IRQHandler                  0x0800025f   Thumb Code     0  startup_stm32f40_41xxx.o(.text)
    ETH_IRQHandler                           0x0800025f   Thumb Code     0  startup_stm32f40_41xxx.o(.text)
    ETH_WKUP_IRQHandler                      0x0800025f   Thumb Code     0  startup_stm32f40_41xxx.o(.text)
    EXTI0_IRQHandler                         0x0800025f   Thumb Code     0  startup_stm32f40_41xxx.o(.text)
    EXTI15_10_IRQHandler                     0x0800025f   Thumb Code     0  startup_stm32f40_41xxx.o(.text)
    EXTI1_IRQHandler                         0x0800025f   Thumb Code     0  startup_stm32f40_41xxx.o(.text)
    EXTI2_IRQHandler                         0x0800025f   Thumb Code     0  startup_stm32f40_41xxx.o(.text)
    EXTI3_IRQHandler                         0x0800025f   Thumb Code     0  startup_stm32f40_41xxx.o(.text)
    EXTI4_IRQHandler                         0x0800025f   Thumb Code     0  startup_stm32f40_41xxx.o(.text)
    EXTI9_5_IRQHandler                       0x0800025f   Thumb Code     0  startup_stm32f40_41xxx.o(.text)
    FLASH_IRQHandler                         0x0800025f   Thumb Code     0  startup_stm32f40_41xxx.o(.text)
    FPU_IRQHandler                           0x0800025f   Thumb Code     0  startup_stm32f40_41xxx.o(.text)
    FSMC_IRQHandler                          0x0800025f   Thumb Code     0  startup_stm32f40_41xxx.o(.text)
    HASH_RNG_IRQHandler                      0x0800025f   Thumb Code     0  startup_stm32f40_41xxx.o(.text)
    I2C1_ER_IRQHandler                       0x0800025f   Thumb Code     0  startup_stm32f40_41xxx.o(.text)
    I2C1_EV_IRQHandler                       0x0800025f   Thumb Code     0  startup_stm32f40_41xxx.o(.text)
    I2C2_ER_IRQHandler                       0x0800025f   Thumb Code     0  startup_stm32f40_41xxx.o(.text)
    I2C2_EV_IRQHandler                       0x0800025f   Thumb Code     0  startup_stm32f40_41xxx.o(.text)
    I2C3_ER_IRQHandler                       0x0800025f   Thumb Code     0  startup_stm32f40_41xxx.o(.text)
    I2C3_EV_IRQHandler                       0x0800025f   Thumb Code     0  startup_stm32f40_41xxx.o(.text)
    OTG_FS_IRQHandler                        0x0800025f   Thumb Code     0  startup_stm32f40_41xxx.o(.text)
    OTG_FS_WKUP_IRQHandler                   0x0800025f   Thumb Code     0  startup_stm32f40_41xxx.o(.text)
    OTG_HS_EP1_IN_IRQHandler                 0x0800025f   Thumb Code     0  startup_stm32f40_41xxx.o(.text)
    OTG_HS_EP1_OUT_IRQHandler                0x0800025f   Thumb Code     0  startup_stm32f40_41xxx.o(.text)
    OTG_HS_IRQHandler                        0x0800025f   Thumb Code     0  startup_stm32f40_41xxx.o(.text)
    OTG_HS_WKUP_IRQHandler                   0x0800025f   Thumb Code     0  startup_stm32f40_41xxx.o(.text)
    PVD_IRQHandler                           0x0800025f   Thumb Code     0  startup_stm32f40_41xxx.o(.text)
    RCC_IRQHandler                           0x0800025f   Thumb Code     0  startup_stm32f40_41xxx.o(.text)
    RTC_Alarm_IRQHandler                     0x0800025f   Thumb Code     0  startup_stm32f40_41xxx.o(.text)
    RTC_WKUP_IRQHandler                      0x0800025f   Thumb Code     0  startup_stm32f40_41xxx.o(.text)
    SDIO_IRQHandler                          0x0800025f   Thumb Code     0  startup_stm32f40_41xxx.o(.text)
    SPI1_IRQHandler                          0x0800025f   Thumb Code     0  startup_stm32f40_41xxx.o(.text)
    SPI2_IRQHandler                          0x0800025f   Thumb Code     0  startup_stm32f40_41xxx.o(.text)
    SPI3_IRQHandler                          0x0800025f   Thumb Code     0  startup_stm32f40_41xxx.o(.text)
    TAMP_STAMP_IRQHandler                    0x0800025f   Thumb Code     0  startup_stm32f40_41xxx.o(.text)
    TIM1_BRK_TIM9_IRQHandler                 0x0800025f   Thumb Code     0  startup_stm32f40_41xxx.o(.text)
    TIM1_CC_IRQHandler                       0x0800025f   Thumb Code     0  startup_stm32f40_41xxx.o(.text)
    TIM1_TRG_COM_TIM11_IRQHandler            0x0800025f   Thumb Code     0  startup_stm32f40_41xxx.o(.text)
    TIM1_UP_TIM10_IRQHandler                 0x0800025f   Thumb Code     0  startup_stm32f40_41xxx.o(.text)
    TIM2_IRQHandler                          0x0800025f   Thumb Code     0  startup_stm32f40_41xxx.o(.text)
    TIM3_IRQHandler                          0x0800025f   Thumb Code     0  startup_stm32f40_41xxx.o(.text)
    TIM4_IRQHandler                          0x0800025f   Thumb Code     0  startup_stm32f40_41xxx.o(.text)
    TIM6_DAC_IRQHandler                      0x0800025f   Thumb Code     0  startup_stm32f40_41xxx.o(.text)
    TIM8_BRK_TIM12_IRQHandler                0x0800025f   Thumb Code     0  startup_stm32f40_41xxx.o(.text)
    TIM8_CC_IRQHandler                       0x0800025f   Thumb Code     0  startup_stm32f40_41xxx.o(.text)
    TIM8_TRG_COM_TIM14_IRQHandler            0x0800025f   Thumb Code     0  startup_stm32f40_41xxx.o(.text)
    TIM8_UP_TIM13_IRQHandler                 0x0800025f   Thumb Code     0  startup_stm32f40_41xxx.o(.text)
    UART4_IRQHandler                         0x0800025f   Thumb Code     0  startup_stm32f40_41xxx.o(.text)
    UART5_IRQHandler                         0x0800025f   Thumb Code     0  startup_stm32f40_41xxx.o(.text)
    USART1_IRQHandler                        0x0800025f   Thumb Code     0  startup_stm32f40_41xxx.o(.text)
    USART2_IRQHandler                        0x0800025f   Thumb Code     0  startup_stm32f40_41xxx.o(.text)
    USART3_IRQHandler                        0x0800025f   Thumb Code     0  startup_stm32f40_41xxx.o(.text)
    USART6_IRQHandler                        0x0800025f   Thumb Code     0  startup_stm32f40_41xxx.o(.text)
    WWDG_IRQHandler                          0x0800025f   Thumb Code     0  startup_stm32f40_41xxx.o(.text)
    __user_initial_stackheap                 0x08000261   Thumb Code     0  startup_stm32f40_41xxx.o(.text)
    __use_two_region_memory                  0x08000285   Thumb Code     2  heapauxi.o(.text)
    __rt_heap_escrow$2region                 0x08000287   Thumb Code     2  heapauxi.o(.text)
    __rt_heap_expand$2region                 0x08000289   Thumb Code     2  heapauxi.o(.text)
    __read_errno                             0x0800028b   Thumb Code    10  _rserrno.o(.text)
    __set_errno                              0x08000295   Thumb Code    12  _rserrno.o(.text)
    __strtod_int                             0x080002dd   Thumb Code    90  strtod.o(.text)
    __aeabi_errno_addr                       0x08000345   Thumb Code     8  rt_errno_addr_intlibspace.o(.text)
    __errno$intlibspace                      0x08000345   Thumb Code     0  rt_errno_addr_intlibspace.o(.text)
    __rt_errno_addr$intlibspace              0x08000345   Thumb Code     0  rt_errno_addr_intlibspace.o(.text)
    isspace                                  0x0800034d   Thumb Code    18  isspace.o(.text)
    _sgetc                                   0x0800035f   Thumb Code    30  _sgetc.o(.text)
    _sbackspace                              0x0800037d   Thumb Code    34  _sgetc.o(.text)
    __user_libspace                          0x080003a1   Thumb Code     8  libspace.o(.text)
    __user_perproc_libspace                  0x080003a1   Thumb Code     0  libspace.o(.text)
    __user_perthread_libspace                0x080003a1   Thumb Code     0  libspace.o(.text)
    __user_setup_stackheap                   0x080003a9   Thumb Code    74  sys_stackheap_outer.o(.text)
    __rt_ctype_table                         0x080003f5   Thumb Code    16  rt_ctype_table.o(.text)
    _scanf_really_real                       0x08000651   Thumb Code   684  scanf_fp.o(.text)
    exit                                     0x080008fd   Thumb Code    18  exit.o(.text)
    strcmp                                   0x08000911   Thumb Code   128  strcmpv7m.o(.text)
    __rt_locale                              0x08000991   Thumb Code     8  rt_locale_intlibspace.o(.text)
    _btod_etento                             0x08000999   Thumb Code   224  bigflt0.o(.text)
    _scanf_really_hex_real                   0x08000a7d   Thumb Code   786  scanf_hexfp.o(.text)
    _scanf_really_infnan                     0x08000d9d   Thumb Code   292  scanf_infnan.o(.text)
    _sys_exit                                0x08000ed1   Thumb Code     8  sys_exit.o(.text)
    __aeabi_llsl                             0x08000edd   Thumb Code     0  llshl.o(.text)
    _ll_shift_l                              0x08000edd   Thumb Code    38  llshl.o(.text)
    _chval                                   0x08000f03   Thumb Code    28  _chval.o(.text)
    __I$use$semihosting                      0x08000f1f   Thumb Code     0  use_no_semi.o(.text)
    __use_no_semihosting_swi                 0x08000f1f   Thumb Code     2  use_no_semi.o(.text)
    __btod_div_common                        0x08000f21   Thumb Code   696  btod.o(CL$$btod_div_common)
    __semihosting_library_function           0x08000f21   Thumb Code     0  indicate_semi.o(.text)
    _e2d                                     0x08001259   Thumb Code   122  btod.o(CL$$btod_e2d)
    _e2e                                     0x080012dd   Thumb Code   220  btod.o(CL$$btod_e2e)
    _btod_ediv                               0x080013b9   Thumb Code    42  btod.o(CL$$btod_ediv)
    _btod_edivd                              0x080013e3   Thumb Code    42  btod.o(CL$$btod_edivd)
    _btod_emul                               0x0800140d   Thumb Code    42  btod.o(CL$$btod_emul)
    _btod_emuld                              0x08001437   Thumb Code    42  btod.o(CL$$btod_emuld)
    __btod_mult_common                       0x08001461   Thumb Code   580  btod.o(CL$$btod_mult_common)
    BusFault_Handler                         0x080016a5   Thumb Code     4  stm32f4xx_it.o(i.BusFault_Handler)
    CAN1_RX0_IRQHandler                      0x080016a9   Thumb Code   242  ugv_can.o(i.CAN1_RX0_IRQHandler)
    CAN1_Send                                0x080017c9   Thumb Code    54  ugv_can.o(i.CAN1_Send)
    CAN_GetITStatus                          0x08001809   Thumb Code   284  stm32f4xx_can.o(i.CAN_GetITStatus)
    CAN_Receive                              0x08001929   Thumb Code   240  stm32f4xx_can.o(i.CAN_Receive)
    CAN_Transmit                             0x08001a19   Thumb Code   294  stm32f4xx_can.o(i.CAN_Transmit)
    DebugMon_Handler                         0x08001b51   Thumb Code     2  stm32f4xx_it.o(i.DebugMon_Handler)
    ENC_Config                               0x08001b55   Thumb Code   328  ugv_enc.o(i.ENC_Config)
    GPIO_Init                                0x08001ca9   Thumb Code   144  stm32f4xx_gpio.o(i.GPIO_Init)
    GPIO_PinAFConfig                         0x08001d39   Thumb Code    70  stm32f4xx_gpio.o(i.GPIO_PinAFConfig)
    GPIO_ResetBits                           0x08001d7f   Thumb Code     4  stm32f4xx_gpio.o(i.GPIO_ResetBits)
    GPIO_SetBits                             0x08001d83   Thumb Code     4  stm32f4xx_gpio.o(i.GPIO_SetBits)
    GPIO_ToggleBits                          0x08001d87   Thumb Code     8  stm32f4xx_gpio.o(i.GPIO_ToggleBits)
    Get_ENC_speed                            0x08001d91   Thumb Code   226  ugv_enc.o(i.Get_ENC_speed)
    Get_range_from_sonar                     0x08001e99   Thumb Code    24  ugv_uart_sonar.o(i.Get_range_from_sonar)
    HardFault_Handler                        0x08001eb1   Thumb Code     4  stm32f4xx_it.o(i.HardFault_Handler)
    LED_Config                               0x08001eb5   Thumb Code    48  main.o(i.LED_Config)
    Manual_mode                              0x08001ee9   Thumb Code   372  ugv_uart_joystick.o(i.Manual_mode)
    MemManage_Handler                        0x08002091   Thumb Code     4  stm32f4xx_it.o(i.MemManage_Handler)
    Mode_stop                                0x08002095   Thumb Code   192  ugv_uart_sonar.o(i.Mode_stop)
    Motor_Config                             0x08002179   Thumb Code   268  ugv_pwm.o(i.Motor_Config)
    Motor_Control                            0x0800228d   Thumb Code    16  ugv_pwm.o(i.Motor_Control)
    NMI_Handler                              0x080022a1   Thumb Code     2  stm32f4xx_it.o(i.NMI_Handler)
    NVIC_Init                                0x080022a5   Thumb Code   106  misc.o(i.NVIC_Init)
    PendSV_Handler                           0x08002345   Thumb Code     2  stm32f4xx_it.o(i.PendSV_Handler)
    RCC_AHB1PeriphClockCmd                   0x08002349   Thumb Code    26  stm32f4xx_rcc.o(i.RCC_AHB1PeriphClockCmd)
    RCC_APB1PeriphClockCmd                   0x08002369   Thumb Code    26  stm32f4xx_rcc.o(i.RCC_APB1PeriphClockCmd)
    RCC_APB2PeriphClockCmd                   0x08002389   Thumb Code    26  stm32f4xx_rcc.o(i.RCC_APB2PeriphClockCmd)
    SBUS_read                                0x080023a9   Thumb Code   614  ugv_sbus.o(i.SBUS_read)
    SVC_Handler                              0x0800260f   Thumb Code     2  stm32f4xx_it.o(i.SVC_Handler)
    Str2Double                               0x080026fd   Thumb Code    12  utils.o(i.Str2Double)
    String_Split                             0x08002709   Thumb Code    58  utils.o(i.String_Split)
    SysTick_Handler                          0x08002743   Thumb Code     2  stm32f4xx_it.o(i.SysTick_Handler)
    SystemInit                               0x08002745   Thumb Code    88  system_stm32f4xx.o(i.SystemInit)
    TIM5_IRQHandler                          0x080028d1   Thumb Code    44  ugv_timer.o(i.TIM5_IRQHandler)
    TIM7_IRQHandler                          0x0800290d   Thumb Code    68  ugv_timer.o(i.TIM7_IRQHandler)
    TIM_BDTRConfig                           0x0800295d   Thumb Code    32  stm32f4xx_tim.o(i.TIM_BDTRConfig)
    TIM_ClearITPendingBit                    0x0800297d   Thumb Code     6  stm32f4xx_tim.o(i.TIM_ClearITPendingBit)
    TIM_Cmd                                  0x08002983   Thumb Code    24  stm32f4xx_tim.o(i.TIM_Cmd)
    TIM_CtrlPWMOutputs                       0x0800299b   Thumb Code    30  stm32f4xx_tim.o(i.TIM_CtrlPWMOutputs)
    TIM_EncoderInterfaceConfig               0x080029b9   Thumb Code    66  stm32f4xx_tim.o(i.TIM_EncoderInterfaceConfig)
    TIM_GetCounter                           0x080029fb   Thumb Code     6  stm32f4xx_tim.o(i.TIM_GetCounter)
    TIM_GetITStatus                          0x08002a01   Thumb Code    34  stm32f4xx_tim.o(i.TIM_GetITStatus)
    TIM_ICInit                               0x08002a23   Thumb Code   110  stm32f4xx_tim.o(i.TIM_ICInit)
    TIM_ITConfig                             0x08002a91   Thumb Code    18  stm32f4xx_tim.o(i.TIM_ITConfig)
    TIM_OC1Init                              0x08002aa5   Thumb Code   114  stm32f4xx_tim.o(i.TIM_OC1Init)
    TIM_OC2Init                              0x08002b21   Thumb Code   154  stm32f4xx_tim.o(i.TIM_OC2Init)
    TIM_SetCounter                           0x08002bc5   Thumb Code     4  stm32f4xx_tim.o(i.TIM_SetCounter)
    TIM_SetIC1Prescaler                      0x08002bc9   Thumb Code    18  stm32f4xx_tim.o(i.TIM_SetIC1Prescaler)
    TIM_SetIC2Prescaler                      0x08002bdb   Thumb Code    26  stm32f4xx_tim.o(i.TIM_SetIC2Prescaler)
    TIM_SetIC3Prescaler                      0x08002bf5   Thumb Code    18  stm32f4xx_tim.o(i.TIM_SetIC3Prescaler)
    TIM_SetIC4Prescaler                      0x08002c07   Thumb Code    26  stm32f4xx_tim.o(i.TIM_SetIC4Prescaler)
    TIM_TimeBaseInit                         0x08002c21   Thumb Code   104  stm32f4xx_tim.o(i.TIM_TimeBaseInit)
    Timer_Control                            0x08002ca5   Thumb Code    98  ugv_timer.o(i.Timer_Control)
    Timer_Motor                              0x08002d0d   Thumb Code    96  ugv_timer.o(i.Timer_Motor)
    UsageFault_Handler                       0x08002d71   Thumb Code     4  stm32f4xx_it.o(i.UsageFault_Handler)
    __hardfp___mathlib_tofloat               0x08002d79   Thumb Code   232  narrow.o(i.__hardfp___mathlib_tofloat)
    __hardfp_atof                            0x08002e71   Thumb Code    44  atof.o(i.__hardfp_atof)
    __hardfp_ldexp                           0x08002ea9   Thumb Code   200  ldexp.o(i.__hardfp_ldexp)
    __mathlib_dbl_overflow                   0x08002f79   Thumb Code    24  dunder.o(i.__mathlib_dbl_overflow)
    __mathlib_dbl_underflow                  0x08002f99   Thumb Code    24  dunder.o(i.__mathlib_dbl_underflow)
    __mathlib_narrow                         0x08002fb9   Thumb Code    18  narrow.o(i.__mathlib_narrow)
    __support_ldexp                          0x08002fcb   Thumb Code    20  ldexp.o(i.__support_ldexp)
    _is_digit                                0x08002fdf   Thumb Code    14  scanf_fp.o(i._is_digit)
    frexp                                    0x08002ff1   Thumb Code   118  frexp.o(i.frexp)
    main                                     0x0800307d   Thumb Code    24  main.o(i.main)
    map                                      0x08003095   Thumb Code    22  ugv_sbus.o(i.map)
    _get_lc_numeric                          0x080030ad   Thumb Code    44  lc_numeric_c.o(locale$$code)
    _get_lc_ctype                            0x080030d9   Thumb Code    44  lc_ctype_c.o(locale$$code)
    __aeabi_d2f                              0x08003105   Thumb Code     0  d2f.o(x$fpl$d2f)
    _d2f                                     0x08003105   Thumb Code    98  d2f.o(x$fpl$d2f)
    __fpl_dcheck_NaN1                        0x08003169   Thumb Code    10  dcheck1.o(x$fpl$dcheck1)
    __fpl_dcmp_Inf                           0x08003179   Thumb Code    24  dcmpi.o(x$fpl$dcmpinf)
    __aeabi_ddiv                             0x08003191   Thumb Code     0  ddiv.o(x$fpl$ddiv)
    _ddiv                                    0x08003191   Thumb Code   552  ddiv.o(x$fpl$ddiv)
    __aeabi_cdcmpeq                          0x08003441   Thumb Code     0  deqf.o(x$fpl$deqf)
    _dcmpeq                                  0x08003441   Thumb Code   120  deqf.o(x$fpl$deqf)
    __aeabi_i2d                              0x080034b9   Thumb Code     0  dflt_clz.o(x$fpl$dflt)
    _dflt                                    0x080034b9   Thumb Code    46  dflt_clz.o(x$fpl$dflt)
    __aeabi_cdcmple                          0x080034e9   Thumb Code     0  dleqf.o(x$fpl$dleqf)
    _dcmple                                  0x080034e9   Thumb Code   120  dleqf.o(x$fpl$dleqf)
    __fpl_dcmple_InfNaN                      0x0800354b   Thumb Code     0  dleqf.o(x$fpl$dleqf)
    __aeabi_dmul                             0x08003561   Thumb Code     0  dmul.o(x$fpl$dmul)
    _dmul                                    0x08003561   Thumb Code   332  dmul.o(x$fpl$dmul)
    __fpl_dnaninf                            0x080036b5   Thumb Code   156  dnaninf.o(x$fpl$dnaninf)
    __fpl_dretinf                            0x08003751   Thumb Code    12  dretinf.o(x$fpl$dretinf)
    __aeabi_cdrcmple                         0x0800375d   Thumb Code     0  drleqf.o(x$fpl$drleqf)
    _drcmple                                 0x0800375d   Thumb Code   108  drleqf.o(x$fpl$drleqf)
    __aeabi_f2d                              0x080037c9   Thumb Code     0  f2d.o(x$fpl$f2d)
    _f2d                                     0x080037c9   Thumb Code    86  f2d.o(x$fpl$f2d)
    __fpl_fnaninf                            0x0800381f   Thumb Code   140  fnaninf.o(x$fpl$fnaninf)
    _fp_init                                 0x080038ab   Thumb Code    10  fpinit.o(x$fpl$fpinit)
    __fplib_config_fpu_vfp                   0x080038b3   Thumb Code     0  fpinit.o(x$fpl$fpinit)
    __fplib_config_pureend_doubles           0x080038b3   Thumb Code     0  fpinit.o(x$fpl$fpinit)
    __fpl_fretinf                            0x080038b5   Thumb Code    10  fretinf.o(x$fpl$fretinf)
    __ieee_status                            0x080038bf   Thumb Code     6  istatus.o(x$fpl$ieeestatus)
    __fpl_return_NaN                         0x080038c5   Thumb Code   100  retnan.o(x$fpl$retnan)
    __ARM_scalbn                             0x08003929   Thumb Code    92  scalbn.o(x$fpl$scalbn)
    _scanf_real                              0x08003985   Thumb Code     4  scanf1.o(x$fpl$scanf1)
    _scanf_hex_real                          0x08003989   Thumb Code     4  scanf2.o(x$fpl$scanf2)
    _scanf_infnan                            0x0800398d   Thumb Code     4  scanf2.o(x$fpl$scanf2)
    __fpl_cmpreturn                          0x08003991   Thumb Code    48  trapv.o(x$fpl$trapveneer)
    __I$use$fp                               0x080039c0   Number         0  usenofp.o(x$fpl$usenofp)
    Region$$Table$$Base                      0x08003a54   Number         0  anon$$obj.o(Region$$Table)
    Region$$Table$$Limit                     0x08003a74   Number         0  anon$$obj.o(Region$$Table)
    __aeabi_HUGE_VAL                         0x08003a74   Data           0  fpconst.o(c$$dinf)
    __aeabi_HUGE_VALL                        0x08003a74   Data           0  fpconst.o(c$$dinf)
    __aeabi_INFINITY                         0x08003a74   Data           0  fpconst.o(c$$dinf)
    __dInf                                   0x08003a74   Data           0  fpconst.o(c$$dinf)
    __huge_val                               0x08003a74   Data           0  fpconst.o(c$$dinf)
    __dbl_max                                0x08003a7c   Data           0  fpconst.o(c$$dmax)
    __ctype                                  0x08003aad   Data           0  lc_ctype_c.o(locale$$data)
    mydata_read                              0x20000000   Data           8  ugv_can.o(.data)
    mCANstatus                               0x20000008   Data           1  ugv_can.o(.data)
    failSafe                                 0x20000010   Data           1  ugv_uart_joystick.o(.data)
    lostFrame                                0x20000011   Data           1  ugv_uart_joystick.o(.data)
    mode_manual                              0x20000014   Data           4  ugv_uart_joystick.o(.data)
    end_mode                                 0x20000018   Data           4  ugv_uart_joystick.o(.data)
    speed1                                   0x20000020   Data           8  ugv_uart_joystick.o(.data)
    speed2                                   0x20000028   Data           8  ugv_uart_joystick.o(.data)
    mydata_write                             0x20000030   Data           8  ugv_enc.o(.data)
    mode_stop                                0x20000038   Data           4  ugv_uart_sonar.o(.data)
    range                                    0x20000040   Data           8  ugv_uart_sonar.o(.data)
    range1                                   0x20000048   Data           8  ugv_uart_sonar.o(.data)
    CAN1_TxMessage                           0x20000050   Data          20  ugv_can.o(.bss)
    CAN1_RxMessage                           0x20000064   Data          20  ugv_can.o(.bss)
    uart_buffer_u3                           0x20000078   Data         204  ugv_uart_joystick.o(.bss)
    channels                                 0x20000144   Data          32  ugv_uart_joystick.o(.bss)
    scalechannels                            0x20000164   Data          32  ugv_uart_joystick.o(.bss)
    Motor_1                                  0x20000188   Data          24  ugv_pwm.o(.bss)
    Motor_2                                  0x200001a0   Data          24  ugv_pwm.o(.bss)
    Car                                      0x200001b8   Data          32  ugv_pwm.o(.bss)
    uart_buffer_u2                           0x200001d8   Data          34  ugv_uart_sonar.o(.bss)
    uart_buffer_u4                           0x200001fa   Data          34  ugv_uart_sonar.o(.bss)
    range_SONAR                              0x20000220   Data          24  ugv_uart_sonar.o(.bss)
    __libspace_start                         0x20000238   Data          96  libspace.o(.bss)
    __temporary_stack_top$libspace           0x20000298   Data           0  libspace.o(.bss)



==============================================================================

Memory Map of the image

  Image Entry point : 0x08000245

  Load Region LR_1 (Base: 0x08000000, Size: 0x00003c00, Max: 0xffffffff, ABSOLUTE)

    Execution Region ER_RO (Base: 0x08000000, Size: 0x00003bb0, Max: 0xffffffff, ABSOLUTE)

    Base Addr    Size         Type   Attr      Idx    E Section Name        Object

    0x08000000   0x00000188   Data   RO          464    RESET               startup_stm32f40_41xxx.o
    0x08000188   0x00000008   Code   RO         2360  * !!!main             c_w.l(__main.o)
    0x08000190   0x00000034   Code   RO         2742    !!!scatter          c_w.l(__scatter.o)
    0x080001c4   0x0000001a   Code   RO         2744    !!handler_copy      c_w.l(__scatter_copy.o)
    0x080001de   0x00000002   PAD
    0x080001e0   0x0000001c   Code   RO         2746    !!handler_zi        c_w.l(__scatter_zi.o)
    0x080001fc   0x00000002   Code   RO         2526    .ARM.Collect$$libinit$$00000000  c_w.l(libinit.o)
    0x080001fe   0x00000004   Code   RO         2527    .ARM.Collect$$libinit$$00000001  c_w.l(libinit2.o)
    0x08000202   0x00000000   Code   RO         2530    .ARM.Collect$$libinit$$00000004  c_w.l(libinit2.o)
    0x08000202   0x00000000   Code   RO         2533    .ARM.Collect$$libinit$$0000000A  c_w.l(libinit2.o)
    0x08000202   0x00000000   Code   RO         2535    .ARM.Collect$$libinit$$0000000C  c_w.l(libinit2.o)
    0x08000202   0x00000000   Code   RO         2537    .ARM.Collect$$libinit$$0000000E  c_w.l(libinit2.o)
    0x08000202   0x00000006   Code   RO         2538    .ARM.Collect$$libinit$$0000000F  c_w.l(libinit2.o)
    0x08000208   0x00000000   Code   RO         2540    .ARM.Collect$$libinit$$00000011  c_w.l(libinit2.o)
    0x08000208   0x0000000c   Code   RO         2541    .ARM.Collect$$libinit$$00000012  c_w.l(libinit2.o)
    0x08000214   0x00000000   Code   RO         2542    .ARM.Collect$$libinit$$00000013  c_w.l(libinit2.o)
    0x08000214   0x00000000   Code   RO         2544    .ARM.Collect$$libinit$$00000015  c_w.l(libinit2.o)
    0x08000214   0x0000000a   Code   RO         2545    .ARM.Collect$$libinit$$00000016  c_w.l(libinit2.o)
    0x0800021e   0x00000000   Code   RO         2546    .ARM.Collect$$libinit$$00000017  c_w.l(libinit2.o)
    0x0800021e   0x00000000   Code   RO         2548    .ARM.Collect$$libinit$$00000019  c_w.l(libinit2.o)
    0x0800021e   0x00000000   Code   RO         2550    .ARM.Collect$$libinit$$0000001B  c_w.l(libinit2.o)
    0x0800021e   0x00000000   Code   RO         2552    .ARM.Collect$$libinit$$0000001D  c_w.l(libinit2.o)
    0x0800021e   0x00000000   Code   RO         2554    .ARM.Collect$$libinit$$0000001F  c_w.l(libinit2.o)
    0x0800021e   0x00000000   Code   RO         2556    .ARM.Collect$$libinit$$00000021  c_w.l(libinit2.o)
    0x0800021e   0x00000000   Code   RO         2558    .ARM.Collect$$libinit$$00000023  c_w.l(libinit2.o)
    0x0800021e   0x00000000   Code   RO         2560    .ARM.Collect$$libinit$$00000025  c_w.l(libinit2.o)
    0x0800021e   0x00000000   Code   RO         2564    .ARM.Collect$$libinit$$0000002C  c_w.l(libinit2.o)
    0x0800021e   0x00000000   Code   RO         2566    .ARM.Collect$$libinit$$0000002E  c_w.l(libinit2.o)
    0x0800021e   0x00000000   Code   RO         2568    .ARM.Collect$$libinit$$00000030  c_w.l(libinit2.o)
    0x0800021e   0x00000000   Code   RO         2570    .ARM.Collect$$libinit$$00000032  c_w.l(libinit2.o)
    0x0800021e   0x00000002   Code   RO         2571    .ARM.Collect$$libinit$$00000033  c_w.l(libinit2.o)
    0x08000220   0x00000002   Code   RO         2674    .ARM.Collect$$libshutdown$$00000000  c_w.l(libshutdown.o)
    0x08000222   0x00000000   Code   RO         2701    .ARM.Collect$$libshutdown$$00000002  c_w.l(libshutdown2.o)
    0x08000222   0x00000000   Code   RO         2703    .ARM.Collect$$libshutdown$$00000004  c_w.l(libshutdown2.o)
    0x08000222   0x00000000   Code   RO         2706    .ARM.Collect$$libshutdown$$00000007  c_w.l(libshutdown2.o)
    0x08000222   0x00000000   Code   RO         2709    .ARM.Collect$$libshutdown$$0000000A  c_w.l(libshutdown2.o)
    0x08000222   0x00000000   Code   RO         2711    .ARM.Collect$$libshutdown$$0000000C  c_w.l(libshutdown2.o)
    0x08000222   0x00000000   Code   RO         2714    .ARM.Collect$$libshutdown$$0000000F  c_w.l(libshutdown2.o)
    0x08000222   0x00000002   Code   RO         2715    .ARM.Collect$$libshutdown$$00000010  c_w.l(libshutdown2.o)
    0x08000224   0x00000000   Code   RO         2418    .ARM.Collect$$rtentry$$00000000  c_w.l(__rtentry.o)
    0x08000224   0x00000000   Code   RO         2474    .ARM.Collect$$rtentry$$00000002  c_w.l(__rtentry2.o)
    0x08000224   0x00000006   Code   RO         2486    .ARM.Collect$$rtentry$$00000004  c_w.l(__rtentry4.o)
    0x0800022a   0x00000000   Code   RO         2476    .ARM.Collect$$rtentry$$00000009  c_w.l(__rtentry2.o)
    0x0800022a   0x00000004   Code   RO         2477    .ARM.Collect$$rtentry$$0000000A  c_w.l(__rtentry2.o)
    0x0800022e   0x00000000   Code   RO         2479    .ARM.Collect$$rtentry$$0000000C  c_w.l(__rtentry2.o)
    0x0800022e   0x00000008   Code   RO         2480    .ARM.Collect$$rtentry$$0000000D  c_w.l(__rtentry2.o)
    0x08000236   0x00000002   Code   RO         2574    .ARM.Collect$$rtexit$$00000000  c_w.l(rtexit.o)
    0x08000238   0x00000000   Code   RO         2636    .ARM.Collect$$rtexit$$00000002  c_w.l(rtexit2.o)
    0x08000238   0x00000004   Code   RO         2637    .ARM.Collect$$rtexit$$00000003  c_w.l(rtexit2.o)
    0x0800023c   0x00000006   Code   RO         2638    .ARM.Collect$$rtexit$$00000004  c_w.l(rtexit2.o)
    0x08000242   0x00000002   PAD
    0x08000244   0x00000040   Code   RO          465  * .text               startup_stm32f40_41xxx.o
    0x08000284   0x00000006   Code   RO         2358    .text               c_w.l(heapauxi.o)
    0x0800028a   0x00000016   Code   RO         2419    .text               c_w.l(_rserrno.o)
    0x080002a0   0x000000a4   Code   RO         2421    .text               c_w.l(strtod.o)
    0x08000344   0x00000008   Code   RO         2491    .text               c_w.l(rt_errno_addr_intlibspace.o)
    0x0800034c   0x00000012   Code   RO         2493    .text               c_w.l(isspace.o)
    0x0800035e   0x00000040   Code   RO         2495    .text               c_w.l(_sgetc.o)
    0x0800039e   0x00000002   PAD
    0x080003a0   0x00000008   Code   RO         2506    .text               c_w.l(libspace.o)
    0x080003a8   0x0000004a   Code   RO         2509    .text               c_w.l(sys_stackheap_outer.o)
    0x080003f2   0x00000002   PAD
    0x080003f4   0x00000010   Code   RO         2511    .text               c_w.l(rt_ctype_table.o)
    0x08000404   0x000004f8   Code   RO         2513    .text               c_w.l(scanf_fp.o)
    0x080008fc   0x00000012   Code   RO         2517    .text               c_w.l(exit.o)
    0x0800090e   0x00000002   PAD
    0x08000910   0x00000080   Code   RO         2519    .text               c_w.l(strcmpv7m.o)
    0x08000990   0x00000008   Code   RO         2579    .text               c_w.l(rt_locale_intlibspace.o)
    0x08000998   0x000000e4   Code   RO         2581    .text               c_w.l(bigflt0.o)
    0x08000a7c   0x00000320   Code   RO         2642    .text               c_w.l(scanf_hexfp.o)
    0x08000d9c   0x00000134   Code   RO         2644    .text               c_w.l(scanf_infnan.o)
    0x08000ed0   0x0000000c   Code   RO         2660    .text               c_w.l(sys_exit.o)
    0x08000edc   0x00000026   Code   RO         2664    .text               c_w.l(llshl.o)
    0x08000f02   0x0000001c   Code   RO         2666    .text               c_w.l(_chval.o)
    0x08000f1e   0x00000002   Code   RO         2691    .text               c_w.l(use_no_semi.o)
    0x08000f20   0x00000000   Code   RO         2693    .text               c_w.l(indicate_semi.o)
    0x08000f20   0x00000338   Code   RO         2594    CL$$btod_div_common  c_w.l(btod.o)
    0x08001258   0x00000084   Code   RO         2592    CL$$btod_e2d        c_w.l(btod.o)
    0x080012dc   0x000000dc   Code   RO         2591    CL$$btod_e2e        c_w.l(btod.o)
    0x080013b8   0x0000002a   Code   RO         2588    CL$$btod_ediv       c_w.l(btod.o)
    0x080013e2   0x0000002a   Code   RO         2590    CL$$btod_edivd      c_w.l(btod.o)
    0x0800140c   0x0000002a   Code   RO         2587    CL$$btod_emul       c_w.l(btod.o)
    0x08001436   0x0000002a   Code   RO         2589    CL$$btod_emuld      c_w.l(btod.o)
    0x08001460   0x00000244   Code   RO         2593    CL$$btod_mult_common  c_w.l(btod.o)
    0x080016a4   0x00000004   Code   RO          196    i.BusFault_Handler  stm32f4xx_it.o
    0x080016a8   0x00000120   Code   RO         2018    i.CAN1_RX0_IRQHandler  ugv_can.o
    0x080017c8   0x00000040   Code   RO         2019    i.CAN1_Send         ugv_can.o
    0x08001808   0x00000120   Code   RO          528    i.CAN_GetITStatus   stm32f4xx_can.o
    0x08001928   0x000000f0   Code   RO          536    i.CAN_Receive       stm32f4xx_can.o
    0x08001a18   0x00000126   Code   RO          541    i.CAN_Transmit      stm32f4xx_can.o
    0x08001b3e   0x00000012   Code   RO          544    i.CheckITStatus     stm32f4xx_can.o
    0x08001b50   0x00000002   Code   RO          197    i.DebugMon_Handler  stm32f4xx_it.o
    0x08001b52   0x00000002   PAD
    0x08001b54   0x00000154   Code   RO         2220    i.ENC_Config        ugv_enc.o
    0x08001ca8   0x00000090   Code   RO          820    i.GPIO_Init         stm32f4xx_gpio.o
    0x08001d38   0x00000046   Code   RO          821    i.GPIO_PinAFConfig  stm32f4xx_gpio.o
    0x08001d7e   0x00000004   Code   RO          827    i.GPIO_ResetBits    stm32f4xx_gpio.o
    0x08001d82   0x00000004   Code   RO          828    i.GPIO_SetBits      stm32f4xx_gpio.o
    0x08001d86   0x00000008   Code   RO          830    i.GPIO_ToggleBits   stm32f4xx_gpio.o
    0x08001d8e   0x00000002   PAD
    0x08001d90   0x00000108   Code   RO         2221    i.Get_ENC_speed     ugv_enc.o
    0x08001e98   0x00000018   Code   RO         2308    i.Get_range_from_sonar  ugv_uart_sonar.o
    0x08001eb0   0x00000004   Code   RO          198    i.HardFault_Handler  stm32f4xx_it.o
    0x08001eb4   0x00000034   Code   RO            4    i.LED_Config        main.o
    0x08001ee8   0x000001a8   Code   RO         2084    i.Manual_mode       ugv_uart_joystick.o
    0x08002090   0x00000004   Code   RO          199    i.MemManage_Handler  stm32f4xx_it.o
    0x08002094   0x000000e4   Code   RO         2309    i.Mode_stop         ugv_uart_sonar.o
    0x08002178   0x00000114   Code   RO         2176    i.Motor_Config      ugv_pwm.o
    0x0800228c   0x00000014   Code   RO         2177    i.Motor_Control     ugv_pwm.o
    0x080022a0   0x00000002   Code   RO          200    i.NMI_Handler       stm32f4xx_it.o
    0x080022a2   0x00000002   PAD
    0x080022a4   0x00000078   Code   RO          472    i.NVIC_Init         misc.o
    0x0800231c   0x00000028   Code   RO         2122    i.NVIC_SetPriorityGrouping  ugv_timer.o
    0x08002344   0x00000002   Code   RO          201    i.PendSV_Handler    stm32f4xx_it.o
    0x08002346   0x00000002   PAD
    0x08002348   0x00000020   Code   RO          921    i.RCC_AHB1PeriphClockCmd  stm32f4xx_rcc.o
    0x08002368   0x00000020   Code   RO          930    i.RCC_APB1PeriphClockCmd  stm32f4xx_rcc.o
    0x08002388   0x00000020   Code   RO          933    i.RCC_APB2PeriphClockCmd  stm32f4xx_rcc.o
    0x080023a8   0x00000266   Code   RO         2256    i.SBUS_read         ugv_sbus.o
    0x0800260e   0x00000002   Code   RO          202    i.SVC_Handler       stm32f4xx_it.o
    0x08002610   0x000000ec   Code   RO          274    i.SetSysClock       system_stm32f4xx.o
    0x080026fc   0x0000000c   Code   RO          324    i.Str2Double        utils.o
    0x08002708   0x0000003a   Code   RO          333    i.String_Split      utils.o
    0x08002742   0x00000002   Code   RO          203    i.SysTick_Handler   stm32f4xx_it.o
    0x08002744   0x00000068   Code   RO          276    i.SystemInit        system_stm32f4xx.o
    0x080027ac   0x0000003a   Code   RO         1259    i.TI1_Config        stm32f4xx_tim.o
    0x080027e6   0x00000050   Code   RO         1260    i.TI2_Config        stm32f4xx_tim.o
    0x08002836   0x00000048   Code   RO         1261    i.TI3_Config        stm32f4xx_tim.o
    0x0800287e   0x00000050   Code   RO         1262    i.TI4_Config        stm32f4xx_tim.o
    0x080028ce   0x00000002   PAD
    0x080028d0   0x0000003c   Code   RO         2123    i.TIM5_IRQHandler   ugv_timer.o
    0x0800290c   0x00000050   Code   RO         2124    i.TIM7_IRQHandler   ugv_timer.o
    0x0800295c   0x00000020   Code   RO         1264    i.TIM_BDTRConfig    stm32f4xx_tim.o
    0x0800297c   0x00000006   Code   RO         1270    i.TIM_ClearITPendingBit  stm32f4xx_tim.o
    0x08002982   0x00000018   Code   RO         1275    i.TIM_Cmd           stm32f4xx_tim.o
    0x0800299a   0x0000001e   Code   RO         1277    i.TIM_CtrlPWMOutputs  stm32f4xx_tim.o
    0x080029b8   0x00000042   Code   RO         1284    i.TIM_EncoderInterfaceConfig  stm32f4xx_tim.o
    0x080029fa   0x00000006   Code   RO         1294    i.TIM_GetCounter    stm32f4xx_tim.o
    0x08002a00   0x00000022   Code   RO         1296    i.TIM_GetITStatus   stm32f4xx_tim.o
    0x08002a22   0x0000006e   Code   RO         1298    i.TIM_ICInit        stm32f4xx_tim.o
    0x08002a90   0x00000012   Code   RO         1300    i.TIM_ITConfig      stm32f4xx_tim.o
    0x08002aa2   0x00000002   PAD
    0x08002aa4   0x0000007c   Code   RO         1304    i.TIM_OC1Init       stm32f4xx_tim.o
    0x08002b20   0x000000a4   Code   RO         1309    i.TIM_OC2Init       stm32f4xx_tim.o
    0x08002bc4   0x00000004   Code   RO         1341    i.TIM_SetCounter    stm32f4xx_tim.o
    0x08002bc8   0x00000012   Code   RO         1342    i.TIM_SetIC1Prescaler  stm32f4xx_tim.o
    0x08002bda   0x0000001a   Code   RO         1343    i.TIM_SetIC2Prescaler  stm32f4xx_tim.o
    0x08002bf4   0x00000012   Code   RO         1344    i.TIM_SetIC3Prescaler  stm32f4xx_tim.o
    0x08002c06   0x0000001a   Code   RO         1345    i.TIM_SetIC4Prescaler  stm32f4xx_tim.o
    0x08002c20   0x00000084   Code   RO         1347    i.TIM_TimeBaseInit  stm32f4xx_tim.o
    0x08002ca4   0x00000068   Code   RO         2125    i.Timer_Control     ugv_timer.o
    0x08002d0c   0x00000064   Code   RO         2126    i.Timer_Motor       ugv_timer.o
    0x08002d70   0x00000004   Code   RO          204    i.UsageFault_Handler  stm32f4xx_it.o
    0x08002d74   0x00000004   PAD
    0x08002d78   0x000000f8   Code   RO         2627    i.__hardfp___mathlib_tofloat  m_wm.l(narrow.o)
    0x08002e70   0x00000038   Code   RO         2398    i.__hardfp_atof     m_wm.l(atof.o)
    0x08002ea8   0x000000d0   Code   RO         2675    i.__hardfp_ldexp    m_wm.l(ldexp.o)
    0x08002f78   0x00000020   Code   RO         2440    i.__mathlib_dbl_overflow  m_wm.l(dunder.o)
    0x08002f98   0x00000020   Code   RO         2442    i.__mathlib_dbl_underflow  m_wm.l(dunder.o)
    0x08002fb8   0x00000012   Code   RO         2628    i.__mathlib_narrow  m_wm.l(narrow.o)
    0x08002fca   0x00000014   Code   RO         2677    i.__support_ldexp   m_wm.l(ldexp.o)
    0x08002fde   0x0000000e   Code   RO         2515    i._is_digit         c_w.l(scanf_fp.o)
    0x08002fec   0x00000004   PAD
    0x08002ff0   0x0000008c   Code   RO         2654    i.frexp             m_wm.l(frexp.o)
    0x0800307c   0x00000018   Code   RO            6    i.main              main.o
    0x08003094   0x00000016   Code   RO         2258    i.map               ugv_sbus.o
    0x080030aa   0x00000002   PAD
    0x080030ac   0x0000002c   Code   RO         2498    locale$$code        c_w.l(lc_numeric_c.o)
    0x080030d8   0x0000002c   Code   RO         2607    locale$$code        c_w.l(lc_ctype_c.o)
    0x08003104   0x00000062   Code   RO         2364    x$fpl$d2f           fz_wm.l(d2f.o)
    0x08003166   0x00000002   PAD
    0x08003168   0x00000010   Code   RO         2500    x$fpl$dcheck1       fz_wm.l(dcheck1.o)
    0x08003178   0x00000018   Code   RO         2423    x$fpl$dcmpinf       fz_wm.l(dcmpi.o)
    0x08003190   0x000002b0   Code   RO         2373    x$fpl$ddiv          fz_wm.l(ddiv.o)
    0x08003440   0x00000078   Code   RO         2650    x$fpl$deqf          fz_wm.l(deqf.o)
    0x080034b8   0x0000002e   Code   RO         2385    x$fpl$dflt          fz_wm.l(dflt_clz.o)
    0x080034e6   0x00000002   PAD
    0x080034e8   0x00000078   Code   RO         2390    x$fpl$dleqf         fz_wm.l(dleqf.o)
    0x08003560   0x00000154   Code   RO         2392    x$fpl$dmul          fz_wm.l(dmul.o)
    0x080036b4   0x0000009c   Code   RO         2425    x$fpl$dnaninf       fz_wm.l(dnaninf.o)
    0x08003750   0x0000000c   Code   RO         2427    x$fpl$dretinf       fz_wm.l(dretinf.o)
    0x0800375c   0x0000006c   Code   RO         2394    x$fpl$drleqf        fz_wm.l(drleqf.o)
    0x080037c8   0x00000056   Code   RO         2396    x$fpl$f2d           fz_wm.l(f2d.o)
    0x0800381e   0x0000008c   Code   RO         2429    x$fpl$fnaninf       fz_wm.l(fnaninf.o)
    0x080038aa   0x0000000a   Code   RO         2615    x$fpl$fpinit        fz_wm.l(fpinit.o)
    0x080038b4   0x0000000a   Code   RO         2431    x$fpl$fretinf       fz_wm.l(fretinf.o)
    0x080038be   0x00000006   Code   RO         2617    x$fpl$ieeestatus    fz_wm.l(istatus.o)
    0x080038c4   0x00000064   Code   RO         2572    x$fpl$retnan        fz_wm.l(retnan.o)
    0x08003928   0x0000005c   Code   RO         2433    x$fpl$scalbn        fz_wm.l(scalbn.o)
    0x08003984   0x00000004   Code   RO         2504    x$fpl$scanf1        fz_wm.l(scanf1.o)
    0x08003988   0x00000008   Code   RO         2619    x$fpl$scanf2        fz_wm.l(scanf2.o)
    0x08003990   0x00000030   Code   RO         2625    x$fpl$trapveneer    fz_wm.l(trapv.o)
    0x080039c0   0x00000000   Code   RO         2435    x$fpl$usenofp       fz_wm.l(usenofp.o)
    0x080039c0   0x00000094   Data   RO         2582    .constdata          c_w.l(bigflt0.o)
    0x08003a54   0x00000020   Data   RO         2740    Region$$Table       anon$$obj.o
    0x08003a74   0x00000008   Data   RO         2611    c$$dinf             fz_wm.l(fpconst.o)
    0x08003a7c   0x00000008   Data   RO         2614    c$$dmax             fz_wm.l(fpconst.o)
    0x08003a84   0x0000001c   Data   RO         2497    locale$$data        c_w.l(lc_numeric_c.o)
    0x08003aa0   0x00000110   Data   RO         2606    locale$$data        c_w.l(lc_ctype_c.o)


    Execution Region ER_RW (Base: 0x20000000, Size: 0x00000050, Max: 0xffffffff, ABSOLUTE)

    Base Addr    Size         Type   Attr      Idx    E Section Name        Object

    0x20000000   0x00000009   Data   RW         2021    .data               ugv_can.o
    0x20000009   0x00000007   PAD
    0x20000010   0x00000020   Data   RW         2087    .data               ugv_uart_joystick.o
    0x20000030   0x00000008   Data   RW         2222    .data               ugv_enc.o
    0x20000038   0x00000018   Data   RW         2313    .data               ugv_uart_sonar.o


    Execution Region ER_ZI (Base: 0x20000050, Size: 0x00000848, Max: 0xffffffff, ABSOLUTE)

    Base Addr    Size         Type   Attr      Idx    E Section Name        Object

    0x20000050   0x00000028   Zero   RW         2020    .bss                ugv_can.o
    0x20000078   0x0000010c   Zero   RW         2086    .bss                ugv_uart_joystick.o
    0x20000184   0x00000004   PAD
    0x20000188   0x00000050   Zero   RW         2179    .bss                ugv_pwm.o
    0x200001d8   0x00000060   Zero   RW         2312    .bss                ugv_uart_sonar.o
    0x20000238   0x00000060   Zero   RW         2507    .bss                c_w.l(libspace.o)
    0x20000298   0x00000200   Zero   RW          463    HEAP                startup_stm32f40_41xxx.o
    0x20000498   0x00000400   Zero   RW          462    STACK               startup_stm32f40_41xxx.o


==============================================================================

Image component sizes


      Code (inc. data)   RO Data    RW Data    ZI Data      Debug   Object Name

        76          4          0          0          0     281745   main.o
       120         14          0          0          0       1068   misc.o
        64         26        392          0       1536        904   startup_stm32f40_41xxx.o
       840          4          0          0          0       3747   stm32f4xx_can.o
       230          0          0          0          0       3569   stm32f4xx_gpio.o
        26          0          0          0          0       3722   stm32f4xx_it.o
        96         18          0          0          0       1827   stm32f4xx_rcc.o
      1128         48          0          0          0      14544   stm32f4xx_tim.o
       340         32          0          0          0       1405   system_stm32f4xx.o
       352         56          0          9         40       1977   ugv_can.o
       604         50          0          8          0       3112   ugv_enc.o
       296         12          0          0         80       2223   ugv_pwm.o
       636          0          0          0          0       1798   ugv_sbus.o
       384         48          0          0          0       2594   ugv_timer.o
       424         52          0         32        268       3401   ugv_uart_joystick.o
       252         36          0         24         96       4626   ugv_uart_sonar.o
        70          0          0          0          0       1400   utils.o

    ----------------------------------------------------------------------
      5956        400        424         80       2024     333662   Object Totals
         0          0         32          0          0          0   (incl. Generated)
        18          0          0          7          4          0   (incl. Padding)

    ----------------------------------------------------------------------

      Code (inc. data)   RO Data    RW Data    ZI Data      Debug   Library Member Name

         8          0          0          0          0         68   __main.o
         0          0          0          0          0          0   __rtentry.o
        12          0          0          0          0          0   __rtentry2.o
         6          0          0          0          0          0   __rtentry4.o
        52          8          0          0          0          0   __scatter.o
        26          0          0          0          0          0   __scatter_copy.o
        28          0          0          0          0          0   __scatter_zi.o
        28          0          0          0          0         68   _chval.o
        22          0          0          0          0        100   _rserrno.o
        64          0          0          0          0         84   _sgetc.o
       228          4        148          0          0         96   bigflt0.o
      1924        136          0          0          0        756   btod.o
        18          0          0          0          0         80   exit.o
         6          0          0          0          0        152   heapauxi.o
         0          0          0          0          0          0   indicate_semi.o
        18          0          0          0          0         76   isspace.o
        44         10        272          0          0         76   lc_ctype_c.o
        44         10         28          0          0         76   lc_numeric_c.o
         2          0          0          0          0          0   libinit.o
        34          0          0          0          0          0   libinit2.o
         2          0          0          0          0          0   libshutdown.o
         2          0          0          0          0          0   libshutdown2.o
         8          4          0          0         96         68   libspace.o
        38          0          0          0          0         68   llshl.o
        16          4          0          0          0         76   rt_ctype_table.o
         8          4          0          0          0         68   rt_errno_addr_intlibspace.o
         8          4          0          0          0         68   rt_locale_intlibspace.o
         2          0          0          0          0          0   rtexit.o
        10          0          0          0          0          0   rtexit2.o
      1286         16          0          0          0        236   scanf_fp.o
       800         14          0          0          0        100   scanf_hexfp.o
       308         16          0          0          0        100   scanf_infnan.o
       128          0          0          0          0         68   strcmpv7m.o
       164         14          0          0          0        120   strtod.o
        12          4          0          0          0         68   sys_exit.o
        74          0          0          0          0         80   sys_stackheap_outer.o
         2          0          0          0          0         68   use_no_semi.o
        98          4          0          0          0        140   d2f.o
        16          4          0          0          0        116   dcheck1.o
        24          0          0          0          0        116   dcmpi.o
       688        140          0          0          0        256   ddiv.o
       120          4          0          0          0        140   deqf.o
        46          0          0          0          0        116   dflt_clz.o
       120          4          0          0          0        140   dleqf.o
       340         12          0          0          0        152   dmul.o
       156          4          0          0          0        140   dnaninf.o
        12          0          0          0          0        116   dretinf.o
       108          0          0          0          0        128   drleqf.o
        86          4          0          0          0        132   f2d.o
       140          4          0          0          0        132   fnaninf.o
         0          0         16          0          0          0   fpconst.o
        10          0          0          0          0        116   fpinit.o
        10          0          0          0          0        116   fretinf.o
         6          0          0          0          0        116   istatus.o
       100          0          0          0          0        116   retnan.o
        92          0          0          0          0        116   scalbn.o
         4          0          0          0          0        116   scanf1.o
         8          0          0          0          0        132   scanf2.o
        48          0          0          0          0        116   trapv.o
         0          0          0          0          0          0   usenofp.o
        56         12          0          0          0        132   atof.o
        64         16          0          0          0        248   dunder.o
       140         22          0          0          0        132   frexp.o
       228          8          0          0          0        308   ldexp.o
       266         16          0          0          0        308   narrow.o

    ----------------------------------------------------------------------
      8436        502        464          0         96       6716   Library Totals
        18          0          0          0          0          0   (incl. Padding)

    ----------------------------------------------------------------------

      Code (inc. data)   RO Data    RW Data    ZI Data      Debug   Library Name

      5432        248        448          0         96       2820   c_w.l
      2232        180         16          0          0       2768   fz_wm.l
       754         74          0          0          0       1128   m_wm.l

    ----------------------------------------------------------------------
      8436        502        464          0         96       6716   Library Totals

    ----------------------------------------------------------------------

==============================================================================


      Code (inc. data)   RO Data    RW Data    ZI Data      Debug   

     14392        902        888         80       2120     330122   Grand Totals
     14392        902        888         80       2120     330122   ELF Image Totals
     14392        902        888         80          0          0   ROM Totals

==============================================================================

    Total RO  Size (Code + RO Data)                15280 (  14.92kB)
    Total RW  Size (RW Data + ZI Data)              2200 (   2.15kB)
    Total ROM Size (Code + RO Data + RW Data)      15360 (  15.00kB)

==============================================================================

